Archive member included to satisfy reference by file (symbol)

../Middlewares/ST/STM32_Audio/Addons/PDM/Lib\libPDMFilter_CM4_GCC_wc32.a(pdm_filter.o)
                              ./PDM2PCM/App/pdm2pcm.o (PDM_Filter_Init)
C:/ST/STM32CubeIDE_1.18.1/STM32CubeIDE/plugins/com.st.stm32cube.ide.mcu.externaltools.gnu-tools-for-stm32.13.3.rel1.win32_1.0.0.202411081344/tools/bin/../lib/gcc/arm-none-eabi/13.3.1/../../../../arm-none-eabi/lib/thumb/v7e-m+fp/hard\libc_nano.a(libc_a-exit.o)
                              C:/ST/STM32CubeIDE_1.18.1/STM32CubeIDE/plugins/com.st.stm32cube.ide.mcu.externaltools.gnu-tools-for-stm32.13.3.rel1.win32_1.0.0.202411081344/tools/bin/../lib/gcc/arm-none-eabi/13.3.1/../../../../arm-none-eabi/lib/thumb/v7e-m+fp/hard/crt0.o (exit)
C:/ST/STM32CubeIDE_1.18.1/STM32CubeIDE/plugins/com.st.stm32cube.ide.mcu.externaltools.gnu-tools-for-stm32.13.3.rel1.win32_1.0.0.202411081344/tools/bin/../lib/gcc/arm-none-eabi/13.3.1/../../../../arm-none-eabi/lib/thumb/v7e-m+fp/hard\libc_nano.a(libc_a-findfp.o)
                              ./Middlewares/Third_Party/FreeRTOS/Source/tasks.o (__sf)
C:/ST/STM32CubeIDE_1.18.1/STM32CubeIDE/plugins/com.st.stm32cube.ide.mcu.externaltools.gnu-tools-for-stm32.13.3.rel1.win32_1.0.0.202411081344/tools/bin/../lib/gcc/arm-none-eabi/13.3.1/../../../../arm-none-eabi/lib/thumb/v7e-m+fp/hard\libc_nano.a(libc_a-fwalk.o)
                              C:/ST/STM32CubeIDE_1.18.1/STM32CubeIDE/plugins/com.st.stm32cube.ide.mcu.externaltools.gnu-tools-for-stm32.13.3.rel1.win32_1.0.0.202411081344/tools/bin/../lib/gcc/arm-none-eabi/13.3.1/../../../../arm-none-eabi/lib/thumb/v7e-m+fp/hard\libc_nano.a(libc_a-findfp.o) (_fwalk_sglue)
C:/ST/STM32CubeIDE_1.18.1/STM32CubeIDE/plugins/com.st.stm32cube.ide.mcu.externaltools.gnu-tools-for-stm32.13.3.rel1.win32_1.0.0.202411081344/tools/bin/../lib/gcc/arm-none-eabi/13.3.1/../../../../arm-none-eabi/lib/thumb/v7e-m+fp/hard\libc_nano.a(libc_a-printf.o)
                              ./Core/Src/main.o (printf)
C:/ST/STM32CubeIDE_1.18.1/STM32CubeIDE/plugins/com.st.stm32cube.ide.mcu.externaltools.gnu-tools-for-stm32.13.3.rel1.win32_1.0.0.202411081344/tools/bin/../lib/gcc/arm-none-eabi/13.3.1/../../../../arm-none-eabi/lib/thumb/v7e-m+fp/hard\libc_nano.a(libc_a-stdio.o)
                              C:/ST/STM32CubeIDE_1.18.1/STM32CubeIDE/plugins/com.st.stm32cube.ide.mcu.externaltools.gnu-tools-for-stm32.13.3.rel1.win32_1.0.0.202411081344/tools/bin/../lib/gcc/arm-none-eabi/13.3.1/../../../../arm-none-eabi/lib/thumb/v7e-m+fp/hard\libc_nano.a(libc_a-findfp.o) (__sread)
C:/ST/STM32CubeIDE_1.18.1/STM32CubeIDE/plugins/com.st.stm32cube.ide.mcu.externaltools.gnu-tools-for-stm32.13.3.rel1.win32_1.0.0.202411081344/tools/bin/../lib/gcc/arm-none-eabi/13.3.1/../../../../arm-none-eabi/lib/thumb/v7e-m+fp/hard\libc_nano.a(libc_a-memset.o)
                              C:/ST/STM32CubeIDE_1.18.1/STM32CubeIDE/plugins/com.st.stm32cube.ide.mcu.externaltools.gnu-tools-for-stm32.13.3.rel1.win32_1.0.0.202411081344/tools/bin/../lib/gcc/arm-none-eabi/13.3.1/../../../../arm-none-eabi/lib/thumb/v7e-m+fp/hard/crt0.o (memset)
C:/ST/STM32CubeIDE_1.18.1/STM32CubeIDE/plugins/com.st.stm32cube.ide.mcu.externaltools.gnu-tools-for-stm32.13.3.rel1.win32_1.0.0.202411081344/tools/bin/../lib/gcc/arm-none-eabi/13.3.1/../../../../arm-none-eabi/lib/thumb/v7e-m+fp/hard\libc_nano.a(libc_a-closer.o)
                              C:/ST/STM32CubeIDE_1.18.1/STM32CubeIDE/plugins/com.st.stm32cube.ide.mcu.externaltools.gnu-tools-for-stm32.13.3.rel1.win32_1.0.0.202411081344/tools/bin/../lib/gcc/arm-none-eabi/13.3.1/../../../../arm-none-eabi/lib/thumb/v7e-m+fp/hard\libc_nano.a(libc_a-stdio.o) (_close_r)
C:/ST/STM32CubeIDE_1.18.1/STM32CubeIDE/plugins/com.st.stm32cube.ide.mcu.externaltools.gnu-tools-for-stm32.13.3.rel1.win32_1.0.0.202411081344/tools/bin/../lib/gcc/arm-none-eabi/13.3.1/../../../../arm-none-eabi/lib/thumb/v7e-m+fp/hard\libc_nano.a(libc_a-reent.o)
                              ./Middlewares/Third_Party/FreeRTOS/Source/tasks.o (_reclaim_reent)
C:/ST/STM32CubeIDE_1.18.1/STM32CubeIDE/plugins/com.st.stm32cube.ide.mcu.externaltools.gnu-tools-for-stm32.13.3.rel1.win32_1.0.0.202411081344/tools/bin/../lib/gcc/arm-none-eabi/13.3.1/../../../../arm-none-eabi/lib/thumb/v7e-m+fp/hard\libc_nano.a(libc_a-impure.o)
                              ./Middlewares/Third_Party/FreeRTOS/Source/tasks.o (_impure_ptr)
C:/ST/STM32CubeIDE_1.18.1/STM32CubeIDE/plugins/com.st.stm32cube.ide.mcu.externaltools.gnu-tools-for-stm32.13.3.rel1.win32_1.0.0.202411081344/tools/bin/../lib/gcc/arm-none-eabi/13.3.1/../../../../arm-none-eabi/lib/thumb/v7e-m+fp/hard\libc_nano.a(libc_a-lseekr.o)
                              C:/ST/STM32CubeIDE_1.18.1/STM32CubeIDE/plugins/com.st.stm32cube.ide.mcu.externaltools.gnu-tools-for-stm32.13.3.rel1.win32_1.0.0.202411081344/tools/bin/../lib/gcc/arm-none-eabi/13.3.1/../../../../arm-none-eabi/lib/thumb/v7e-m+fp/hard\libc_nano.a(libc_a-stdio.o) (_lseek_r)
[...]
Memory Configuration

Name             Origin             Length             Attributes
CCMRAM           0x10000000         0x00010000         xrw
RAM              0x20000000         0x00020000         xrw
FLASH            0x08000000         0x00100000         xr
*default*        0x00000000         0xffffffff

Linker script and memory map

LOAD C:/ST/STM32CubeIDE_1.18.1/STM32CubeIDE/plugins/com.st.stm32cube.ide.mcu.externaltools.gnu-tools-for-stm32.13.3.rel1.win32_1.0.0.202411081344/tools/bin/../lib/gcc/arm-none-eabi/13.3.1/thumb/v7e-m+fp/hard/crti.o
LOAD C:/ST/STM32CubeIDE_1.18.1/STM32CubeIDE/plugins/com.st.stm32cube.ide.mcu.externaltools.gnu-tools-for-stm32.13.3.rel1.win32_1.0.0.202411081344/tools/bin/../lib/gcc/arm-none-eabi/13.3.1/thumb/v7e-m+fp/hard/crtbegin.o
LOAD C:/ST/STM32CubeIDE_1.18.1/STM32CubeIDE/plugins/com.st.stm32cube.ide.mcu.externaltools.gnu-tools-for-stm32.13.3.rel1.win32_1.0.0.202411081344/tools/bin/../lib/gcc/arm-none-eabi/13.3.1/../../../../arm-none-eabi/lib/thumb/v7e-m+fp/hard/crt0.o
LOAD ./Core/Src/ILI9341_DMA_Driver.o
LOAD ./Core/Src/crc.o
LOAD ./Core/Src/dma.o
LOAD ./Core/Src/freertos.o
LOAD ./Core/Src/gpio.o
LOAD ./Core/Src/i2s.o
LOAD ./Core/Src/main.o
LOAD ./Core/Src/spi.o
LOAD ./Core/Src/stm32f4xx_hal_msp.o
LOAD ./Core/Src/stm32f4xx_hal_timebase_tim.o
LOAD ./Core/Src/stm32f4xx_it.o
LOAD ./Core/Src/sww_print.o
LOAD ./Core/Src/syscalls.o
LOAD ./Core/Src/sysmem.o
LOAD ./Core/Src/system_stm32f4xx.o
LOAD ./Core/Src/usart.o
LOAD ./Core/Startup/startup_stm32f407vgtx.o
LOAD ./Drivers/STM32F4xx_HAL_Driver/Src/stm32f4xx_hal.o
LOAD ./Drivers/STM32F4xx_HAL_Driver/Src/stm32f4xx_hal_cortex.o
LOAD ./Drivers/STM32F4xx_HAL_Driver/Src/stm32f4xx_hal_crc.o
LOAD ./Drivers/STM32F4xx_HAL_Driver/Src/stm32f4xx_hal_dma.o
LOAD ./Drivers/STM32F4xx_HAL_Driver/Src/stm32f4xx_hal_dma_ex.o
LOAD ./Drivers/STM32F4xx_HAL_Driver/Src/stm32f4xx_hal_exti.o
LOAD ./Drivers/STM32F4xx_HAL_Driver/Src/stm32f4xx_hal_flash.o
LOAD ./Drivers/STM32F4xx_HAL_Driver/Src/stm32f4xx_hal_flash_ex.o
LOAD ./Drivers/STM32F4xx_HAL_Driver/Src/stm32f4xx_hal_flash_ramfunc.o
LOAD ./Drivers/STM32F4xx_HAL_Driver/Src/stm32f4xx_hal_gpio.o
LOAD ./Drivers/STM32F4xx_HAL_Driver/Src/stm32f4xx_hal_i2s.o
LOAD ./Drivers/STM32F4xx_HAL_Driver/Src/stm32f4xx_hal_i2s_ex.o
LOAD ./Drivers/STM32F4xx_HAL_Driver/Src/stm32f4xx_hal_pwr.o
LOAD ./Drivers/STM32F4xx_HAL_Driver/Src/stm32f4xx_hal_pwr_ex.o
LOAD ./Drivers/STM32F4xx_HAL_Driver/Src/stm32f4xx_hal_rcc.o
LOAD ./Drivers/STM32F4xx_HAL_Driver/Src/stm32f4xx_hal_rcc_ex.o
LOAD ./Drivers/STM32F4xx_HAL_Driver/Src/stm32f4xx_hal_spi.o
LOAD ./Drivers/STM32F4xx_HAL_Driver/Src/stm32f4xx_hal_tim.o
LOAD ./Drivers/STM32F4xx_HAL_Driver/Src/stm32f4xx_hal_tim_ex.o
LOAD ./Drivers/STM32F4xx_HAL_Driver/Src/stm32f4xx_hal_uart.o
LOAD ./Middlewares/Third_Party/FreeRTOS/Source/CMSIS_RTOS_V2/cmsis_os2.o
LOAD ./Middlewares/Third_Party/FreeRTOS/Source/croutine.o
LOAD ./Middlewares/Third_Party/FreeRTOS/Source/event_groups.o
LOAD ./Middlewares/Third_Party/FreeRTOS/Source/list.o
LOAD ./Middlewares/Third_Party/FreeRTOS/Source/queue.o
LOAD ./Middlewares/Third_Party/FreeRTOS/Source/stream_buffer.o
LOAD ./Middlewares/Third_Party/FreeRTOS/Source/tasks.o
LOAD ./Middlewares/Third_Party/FreeRTOS/Source/timers.o
LOAD ./Middlewares/Third_Party/FreeRTOS/Source/portable/GCC/ARM_CM4F/port.o
LOAD ./Middlewares/Third_Party/FreeRTOS/Source/portable/MemMang/heap_4.o
LOAD ./PDM2PCM/App/pdm2pcm.o
START GROUP
LOAD ../Middlewares/ST/STM32_Audio/Addons/PDM/Lib\libPDMFilter_CM4_GCC_wc32.a
LOAD ../Middlewares/ST/STM32_Audio/Addons/PDM/Lib\libPDMFilter_CM4_IAR_wc32.a
END GROUP
START GROUP
LOAD C:/ST/STM32CubeIDE_1.18.1/STM32CubeIDE/plugins/com.st.stm32cube.ide.mcu.externaltools.gnu-tools-for-stm32.13.3.rel1.win32_1.0.0.202411081344/tools/bin/../lib/gcc/arm-none-eabi/13.3.1/../../../../arm-none-eabi/lib/thumb/v7e-m+fp/hard\libc_nano.a
LOAD C:/ST/STM32CubeIDE_1.18.1/STM32CubeIDE/plugins/com.st.stm32cube.ide.mcu.externaltools.gnu-tools-for-stm32.13.3.rel1.win32_1.0.0.202411081344/tools/bin/../lib/gcc/arm-none-eabi/13.3.1/../../../../arm-none-eabi/lib/thumb/v7e-m+fp/hard\libm.a
END GROUP
START GROUP
LOAD C:/ST/STM32CubeIDE_1.18.1/STM32CubeIDE/plugins/com.st.stm32cube.ide.mcu.externaltools.gnu-tools-for-stm32.13.3.rel1.win32_1.0.0.202411081344/tools/bin/../lib/gcc/arm-none-eabi/13.3.1/thumb/v7e-m+fp/hard\libgcc.a
LOAD C:/ST/STM32CubeIDE_1.18.1/STM32CubeIDE/plugins/com.st.stm32cube.ide.mcu.externaltools.gnu-tools-for-stm32.13.3.rel1.win32_1.0.0.202411081344/tools/bin/../lib/gcc/arm-none-eabi/13.3.1/../../../../arm-none-eabi/lib/thumb/v7e-m+fp/hard\libc_nano.a
END GROUP
START GROUP
LOAD C:/ST/STM32CubeIDE_1.18.1/STM32CubeIDE/plugins/com.st.stm32cube.ide.mcu.externaltools.gnu-tools-for-stm32.13.3.rel1.win32_1.0.0.202411081344/tools/bin/../lib/gcc/arm-none-eabi/13.3.1/thumb/v7e-m+fp/hard\libgcc.a
LOAD C:/ST/STM32CubeIDE_1.18.1/STM32CubeIDE/plugins/com.st.stm32cube.ide.mcu.externaltools.gnu-tools-for-stm32.13.3.rel1.win32_1.0.0.202411081344/tools/bin/../lib/gcc/arm-none-eabi/13.3.1/../../../../arm-none-eabi/lib/thumb/v7e-m+fp/hard\libc_nano.a
LOAD C:/ST/STM32CubeIDE_1.18.1/STM32CubeIDE/plugins/com.st.stm32cube.ide.mcu.externaltools.gnu-tools-for-stm32.13.3.rel1.win32_1.0.0.202411081344/tools/bin/../lib/gcc/arm-none-eabi/13.3.1/../../../../arm-none-eabi/lib/thumb/v7e-m+fp/hard\libnosys.a
END GROUP
START GROUP
LOAD C:/ST/STM32CubeIDE_1.18.1/STM32CubeIDE/plugins/com.st.stm32cube.ide.mcu.externaltools.gnu-tools-for-stm32.13.3.rel1.win32_1.0.0.202411081344/tools/bin/../lib/gcc/arm-none-eabi/13.3.1/thumb/v7e-m+fp/hard\libgcc.a
LOAD C:/ST/STM32CubeIDE_1.18.1/STM32CubeIDE/plugins/com.st.stm32cube.ide.mcu.externaltools.gnu-tools-for-stm32.13.3.rel1.win32_1.0.0.202411081344/tools/bin/../lib/gcc/arm-none-eabi/13.3.1/../../../../arm-none-eabi/lib/thumb/v7e-m+fp/hard\libc_nano.a
LOAD C:/ST/STM32CubeIDE_1.18.1/STM32CubeIDE/plugins/com.st.stm32cube.ide.mcu.externaltools.gnu-tools-for-stm32.13.3.rel1.win32_1.0.0.202411081344/tools/bin/../lib/gcc/arm-none-eabi/13.3.1/../../../../arm-none-eabi/lib/thumb/v7e-m+fp/hard\libnosys.a
END GROUP
LOAD C:/ST/STM32CubeIDE_1.18.1/STM32CubeIDE/plugins/com.st.stm32cube.ide.mcu.externaltools.gnu-tools-for-stm32.13.3.rel1.win32_1.0.0.202411081344/tools/bin/../lib/gcc/arm-none-eabi/13.3.1/thumb/v7e-m+fp/hard/crtend.o
LOAD C:/ST/STM32CubeIDE_1.18.1/STM32CubeIDE/plugins/com.st.stm32cube.ide.mcu.externaltools.gnu-tools-for-stm32.13.3.rel1.win32_1.0.0.202411081344/tools/bin/../lib/gcc/arm-none-eabi/13.3.1/thumb/v7e-m+fp/hard/crtn.o
                0x20020000                        _estack = (ORIGIN (RAM) + LENGTH (RAM))
                0x00000200                        _Min_Heap_Size = 0x200
                0x00000400                        _Min_Stack_Size = 0x400

.isr_vector     0x08000000      0x188
                0x08000000                        . = ALIGN (0x4)
 *(.isr_vector)
 .isr_vector    0x08000000      0x188 ./Core/Startup/startup_stm32f407vgtx.o
                0x08000000                g_pfnVectors
                0x08000188                        . = ALIGN (0x4)

.text           0x08000190     0xb380
                0x08000190                        . = ALIGN (0x4)
 *(.text)
 .text          0x08000190       0x40 C:/ST/STM32CubeIDE_1.18.1/STM32CubeIDE/plugins/com.st.stm32cube.ide.mcu.externaltools.gnu-tools-for-stm32.13.3.rel1.win32_1.0.0.202411081344/tools/bin/../lib/gcc/arm-none-eabi/13.3.1/thumb/v7e-m+fp/hard/crtbegin.o
 .text          0x080001d0       0xa0 C:/ST/STM32CubeIDE_1.18.1/STM32CubeIDE/plugins/com.st.stm32cube.ide.mcu.externaltools.gnu-tools-for-stm32.13.3.rel1.win32_1.0.0.202411081344/tools/bin/../lib/gcc/arm-none-eabi/13.3.1/../../../../arm-none-eabi/lib/thumb/v7e-m+fp/hard\libc_nano.a(libc_a-memchr.o)
                0x080001d0                memchr
 .text          0x08000270       0x30 C:/ST/STM32CubeIDE_1.18.1/STM32CubeIDE/plugins/com.st.stm32cube.ide.mcu.externaltools.gnu-tools-for-stm32.13.3.rel1.win32_1.0.0.202411081344/tools/bin/../lib/gcc/arm-none-eabi/13.3.1/thumb/v7e-m+fp/hard\libgcc.a(_aeabi_uldivmod.o)
                0x08000270                __aeabi_uldivmod
 .text          0x080002a0      0x2f8 C:/ST/STM32CubeIDE_1.18.1/STM32CubeIDE/plugins/com.st.stm32cube.ide.mcu.externaltools.gnu-tools-for-stm32.13.3.rel1.win32_1.0.0.202411081344/tools/bin/../lib/gcc/arm-none-eabi/13.3.1/thumb/v7e-m+fp/hard\libgcc.a(_udivmoddi4.o)
                0x080002a0                __udivmoddi4
 .text          0x08000598        0x4 C:/ST/STM32CubeIDE_1.18.1/STM32CubeIDE/plugins/com.st.stm32cube.ide.mcu.externaltools.gnu-tools-for-stm32.13.3.rel1.win32_1.0.0.202411081344/tools/bin/../lib/gcc/arm-none-eabi/13.3.1/thumb/v7e-m+fp/hard\libgcc.a(_dvmd_tls.o)
                0x08000598                __aeabi_idiv0
                0x08000598                __aeabi_ldiv0
 *(.text*)
 .text.ILI_Enable
                0x0800059c       0x18 ./Core/Src/ILI9341_DMA_Driver.o
                0x0800059c                ILI_Enable
 .text.ILI_SPI_Write
                0x080005b4       0x64 ./Core/Src/ILI9341_DMA_Driver.o
 .text.ILI_Write_Command
                0x08000618       0x1e ./Core/Src/ILI9341_DMA_Driver.o
                0x08000618                ILI_Write_Command
 .text.ILI_Write_Data
                0x08000636       0x1e ./Core/Src/ILI9341_DMA_Driver.o
                0x08000636                ILI_Write_Data
 .text.ILI_Set_Address
                0x08000654       0xc4 ./Core/Src/ILI9341_DMA_Driver.o
                0x08000654                ILI_Set_Address
 .text.ILI_Set_Rotation
                0x08000718       0x58 ./Core/Src/ILI9341_DMA_Driver.o
                0x08000718                ILI_Set_Rotation
 .text.ILI_Init
                0x08000770      0x21e ./Core/Src/ILI9341_DMA_Driver.o
                0x08000770                ILI_Init
 *fill*         0x0800098e        0x2 
 .text.ILI_SPI_SetDataSize
                0x08000990       0x68 ./Core/Src/ILI9341_DMA_Driver.o
 .text.ILI_SPI_DMA_SetMemInc
                0x080009f8       0x54 ./Core/Src/ILI9341_DMA_Driver.o
 .text.ILI_DMA_Transfer
                0x08000a4c       0x98 ./Core/Src/ILI9341_DMA_Driver.o
 .text.ILI_DMA_Fill
                0x08000ae4       0x38 ./Core/Src/ILI9341_DMA_Driver.o
                0x08000ae4                ILI_DMA_Fill
 .text.ILI_DMA_Callback
                0x08000b1c       0xc4 ./Core/Src/ILI9341_DMA_Driver.o
                0x08000b1c                ILI_DMA_Callback
 .text.MX_CRC_Init
                0x08000be0       0x28 ./Core/Src/crc.o
                0x08000be0                MX_CRC_Init
 .text.HAL_CRC_MspInit
                0x08000c08       0x44 ./Core/Src/crc.o
                0x08000c08                HAL_CRC_MspInit
 .text.MX_DMA_Init
                0x08000c4c       0x50 ./Core/Src/dma.o
                0x08000c4c                MX_DMA_Init
 .text.MX_GPIO_Init
                0x08000c9c      0x224 ./Core/Src/gpio.o
                0x08000c9c                MX_GPIO_Init
 .text.MX_I2S2_Init
                0x08000ec0       0x5c ./Core/Src/i2s.o
                0x08000ec0                MX_I2S2_Init
 .text.HAL_I2S_MspInit
                0x08000f1c      0x174 ./Core/Src/i2s.o
                0x08000f1c                HAL_I2S_MspInit
 .text.HAL_SPI_TxCpltCallback
                0x08001090       0x24 ./Core/Src/main.o
                0x08001090                HAL_SPI_TxCpltCallback
 .text.HAL_I2S_RxCpltCallback
                0x080010b4       0x4c ./Core/Src/main.o
                0x080010b4                HAL_I2S_RxCpltCallback
 .text.dataProcessTask
                0x08001100       0x40 ./Core/Src/main.o
                0x08001100                dataProcessTask
 .text.screenTask
                0x08001140       0x2c ./Core/Src/main.o
                0x08001140                screenTask
 .text.btTask   0x0800116c        0xc ./Core/Src/main.o
                0x0800116c                btTask
 .text.main     0x08001178       0xe4 ./Core/Src/main.o
                0x08001178                main
 .text.SystemClock_Config
                0x0800125c       0xd4 ./Core/Src/main.o
                0x0800125c                SystemClock_Config
 .text.HAL_TIM_PeriodElapsedCallback
                0x08001330       0x24 ./Core/Src/main.o
                0x08001330                HAL_TIM_PeriodElapsedCallback
 .text.Error_Handler
                0x08001354        0xc ./Core/Src/main.o
                0x08001354                Error_Handler
 .text.MX_SPI3_Init
                0x08001360       0x6c ./Core/Src/spi.o
                0x08001360                MX_SPI3_Init
 .text.HAL_SPI_MspInit
                0x080013cc      0x104 ./Core/Src/spi.o
                0x080013cc                HAL_SPI_MspInit
 .text.HAL_MspInit
                0x080014d0       0x58 ./Core/Src/stm32f4xx_hal_msp.o
                0x080014d0                HAL_MspInit
 .text.HAL_InitTick
                0x08001528       0xf8 ./Core/Src/stm32f4xx_hal_timebase_tim.o
                0x08001528                HAL_InitTick
 .text.NMI_Handler
                0x08001620        0x8 ./Core/Src/stm32f4xx_it.o
                0x08001620                NMI_Handler
 .text.HardFault_Handler
                0x08001628        0x8 ./Core/Src/stm32f4xx_it.o
                0x08001628                HardFault_Handler
 .text.MemManage_Handler
                0x08001630        0x8 ./Core/Src/stm32f4xx_it.o
                0x08001630                MemManage_Handler
 .text.BusFault_Handler
                0x08001638        0x8 ./Core/Src/stm32f4xx_it.o
                0x08001638                BusFault_Handler
 .text.UsageFault_Handler
                0x08001640        0x8 ./Core/Src/stm32f4xx_it.o
                0x08001640                UsageFault_Handler
 .text.DebugMon_Handler
                0x08001648        0xe ./Core/Src/stm32f4xx_it.o
                0x08001648                DebugMon_Handler
 *fill*         0x08001656        0x2 
 .text.DMA1_Stream3_IRQHandler
                0x08001658       0x14 ./Core/Src/stm32f4xx_it.o
                0x08001658                DMA1_Stream3_IRQHandler
 .text.DMA1_Stream5_IRQHandler
                0x0800166c       0x14 ./Core/Src/stm32f4xx_it.o
                0x0800166c                DMA1_Stream5_IRQHandler
 .text.SPI2_IRQHandler
                0x08001680       0x14 ./Core/Src/stm32f4xx_it.o
                0x08001680                SPI2_IRQHandler
 .text.SPI3_IRQHandler
                0x08001694       0x14 ./Core/Src/stm32f4xx_it.o
                0x08001694                SPI3_IRQHandler
 .text.TIM6_DAC_IRQHandler
                0x080016a8       0x14 ./Core/Src/stm32f4xx_it.o
                0x080016a8                TIM6_DAC_IRQHandler
 .text.ITM_SendChar
                0x080016bc       0x4e ./Core/Src/sww_print.o
 .text._write   0x0800170a       0x38 ./Core/Src/sww_print.o
                0x0800170a                _write
 .text._read    0x08001742       0x3a ./Core/Src/syscalls.o
                0x08001742                _read
 .text._close   0x0800177c       0x18 ./Core/Src/syscalls.o
                0x0800177c                _close
 .text._fstat   0x08001794       0x20 ./Core/Src/syscalls.o
                0x08001794                _fstat
 .text._isatty  0x080017b4       0x16 ./Core/Src/syscalls.o
                0x080017b4                _isatty
 .text._lseek   0x080017ca       0x1a ./Core/Src/syscalls.o
                0x080017ca                _lseek
 .text._sbrk    0x080017e4       0x6c ./Core/Src/sysmem.o
                0x080017e4                _sbrk
 .text.SystemInit
                0x08001850       0x24 ./Core/Src/system_stm32f4xx.o
                0x08001850                SystemInit
 .text.MX_USART1_UART_Init
                0x08001874       0x54 ./Core/Src/usart.o
                0x08001874                MX_USART1_UART_Init
 .text.HAL_UART_MspInit
                0x080018c8       0x90 ./Core/Src/usart.o
                0x080018c8                HAL_UART_MspInit
 .text.Reset_Handler
                0x08001958       0x50 ./Core/Startup/startup_stm32f407vgtx.o
                0x08001958                Reset_Handler
 .text.Default_Handler
                0x080019a8        0x2 ./Core/Startup/startup_stm32f407vgtx.o
                0x080019a8                RTC_Alarm_IRQHandler
                0x080019a8                HASH_RNG_IRQHandler
                0x080019a8                EXTI2_IRQHandler
                0x080019a8                TIM8_CC_IRQHandler
                0x080019a8                TIM1_CC_IRQHandler
                0x080019a8                DMA2_Stream5_IRQHandler
                0x080019a8                PVD_IRQHandler
                0x080019a8                SDIO_IRQHandler
                0x080019a8                TAMP_STAMP_IRQHandler
                0x080019a8                CAN2_RX1_IRQHandler
                0x080019a8                EXTI3_IRQHandler
                0x080019a8                TIM8_TRG_COM_TIM14_IRQHandler
                0x080019a8                TIM1_UP_TIM10_IRQHandler
                0x080019a8                TIM8_UP_TIM13_IRQHandler
                0x080019a8                I2C3_ER_IRQHandler
                0x080019a8                EXTI0_IRQHandler
                0x080019a8                I2C2_EV_IRQHandler
                0x080019a8                DMA1_Stream2_IRQHandler
                0x080019a8                CAN1_RX0_IRQHandler
                0x080019a8                FPU_IRQHandler
                0x080019a8                OTG_HS_WKUP_IRQHandler
                0x080019a8                CAN2_SCE_IRQHandler
                0x080019a8                DMA2_Stream2_IRQHandler
                0x080019a8                SPI1_IRQHandler
                0x080019a8                TIM1_BRK_TIM9_IRQHandler
                0x080019a8                DCMI_IRQHandler
                0x080019a8                CAN2_RX0_IRQHandler
                0x080019a8                DMA2_Stream3_IRQHandler
                0x080019a8                USART6_IRQHandler
                0x080019a8                USART3_IRQHandler
                0x080019a8                CAN1_RX1_IRQHandler
                0x080019a8                UART5_IRQHandler
                0x080019a8                DMA2_Stream0_IRQHandler
                0x080019a8                TIM4_IRQHandler
                0x080019a8                I2C1_EV_IRQHandler
                0x080019a8                DMA1_Stream6_IRQHandler
                0x080019a8                DMA1_Stream1_IRQHandler
                0x080019a8                UART4_IRQHandler
                0x080019a8                TIM3_IRQHandler
                0x080019a8                RCC_IRQHandler
                0x080019a8                TIM8_BRK_TIM12_IRQHandler
                0x080019a8                Default_Handler
                0x080019a8                EXTI15_10_IRQHandler
                0x080019a8                ADC_IRQHandler
                0x080019a8                DMA1_Stream7_IRQHandler
                0x080019a8                TIM7_IRQHandler
                0x080019a8                CAN2_TX_IRQHandler
                0x080019a8                TIM5_IRQHandler
                0x080019a8                DMA2_Stream7_IRQHandler
                0x080019a8                I2C3_EV_IRQHandler
                0x080019a8                EXTI9_5_IRQHandler
                0x080019a8                RTC_WKUP_IRQHandler
                0x080019a8                ETH_WKUP_IRQHandler
                0x080019a8                OTG_HS_EP1_IN_IRQHandler
                0x080019a8                DMA1_Stream0_IRQHandler
                0x080019a8                CAN1_TX_IRQHandler
                0x080019a8                EXTI4_IRQHandler
                0x080019a8                FSMC_IRQHandler
                0x080019a8                ETH_IRQHandler
                0x080019a8                OTG_HS_EP1_OUT_IRQHandler
                0x080019a8                WWDG_IRQHandler
                0x080019a8                TIM2_IRQHandler
                0x080019a8                OTG_FS_WKUP_IRQHandler
                0x080019a8                TIM1_TRG_COM_TIM11_IRQHandler
                0x080019a8                OTG_HS_IRQHandler
                0x080019a8                EXTI1_IRQHandler
                0x080019a8                USART2_IRQHandler
                0x080019a8                I2C2_ER_IRQHandler
                0x080019a8                DMA2_Stream1_IRQHandler
                0x080019a8                CAN1_SCE_IRQHandler
                0x080019a8                FLASH_IRQHandler
                0x080019a8                DMA2_Stream4_IRQHandler
                0x080019a8                USART1_IRQHandler
                0x080019a8                OTG_FS_IRQHandler
                0x080019a8                DMA1_Stream4_IRQHandler
                0x080019a8                I2C1_ER_IRQHandler
                0x080019a8                DMA2_Stream6_IRQHandler
 *fill*         0x080019aa        0x2 
 .text.HAL_Init
                0x080019ac       0x44 ./Drivers/STM32F4xx_HAL_Driver/Src/stm32f4xx_hal.o
                0x080019ac                HAL_Init
 .text.HAL_IncTick
                0x080019f0       0x28 ./Drivers/STM32F4xx_HAL_Driver/Src/stm32f4xx_hal.o
                0x080019f0                HAL_IncTick
 .text.HAL_GetTick
                0x08001a18       0x18 ./Drivers/STM32F4xx_HAL_Driver/Src/stm32f4xx_hal.o
                0x08001a18                HAL_GetTick
 .text.HAL_Delay
                0x08001a30       0x48 ./Drivers/STM32F4xx_HAL_Driver/Src/stm32f4xx_hal.o
                0x08001a30                HAL_Delay
 .text.__NVIC_SetPriorityGrouping
                0x08001a78       0x48 ./Drivers/STM32F4xx_HAL_Driver/Src/stm32f4xx_hal_cortex.o
 .text.__NVIC_GetPriorityGrouping
                0x08001ac0       0x1c ./Drivers/STM32F4xx_HAL_Driver/Src/stm32f4xx_hal_cortex.o
 .text.__NVIC_EnableIRQ
                0x08001adc       0x3c ./Drivers/STM32F4xx_HAL_Driver/Src/stm32f4xx_hal_cortex.o
 .text.__NVIC_SetPriority
                0x08001b18       0x54 ./Drivers/STM32F4xx_HAL_Driver/Src/stm32f4xx_hal_cortex.o
 .text.NVIC_EncodePriority
                0x08001b6c       0x66 ./Drivers/STM32F4xx_HAL_Driver/Src/stm32f4xx_hal_cortex.o
 .text.HAL_NVIC_SetPriorityGrouping
                0x08001bd2       0x16 ./Drivers/STM32F4xx_HAL_Driver/Src/stm32f4xx_hal_cortex.o
                0x08001bd2                HAL_NVIC_SetPriorityGrouping
 .text.HAL_NVIC_SetPriority
                0x08001be8       0x38 ./Drivers/STM32F4xx_HAL_Driver/Src/stm32f4xx_hal_cortex.o
                0x08001be8                HAL_NVIC_SetPriority
 .text.HAL_NVIC_EnableIRQ
                0x08001c20       0x1c ./Drivers/STM32F4xx_HAL_Driver/Src/stm32f4xx_hal_cortex.o
                0x08001c20                HAL_NVIC_EnableIRQ
 .text.HAL_CRC_Init
                0x08001c3c       0x38 ./Drivers/STM32F4xx_HAL_Driver/Src/stm32f4xx_hal_crc.o
                0x08001c3c                HAL_CRC_Init
 .text.HAL_DMA_Init
                0x08001c74      0x15c ./Drivers/STM32F4xx_HAL_Driver/Src/stm32f4xx_hal_dma.o
                0x08001c74                HAL_DMA_Init
 .text.HAL_DMA_Start_IT
                0x08001dd0       0xb0 ./Drivers/STM32F4xx_HAL_Driver/Src/stm32f4xx_hal_dma.o
                0x08001dd0                HAL_DMA_Start_IT
 .text.HAL_DMA_Abort_IT
                0x08001e80       0x44 ./Drivers/STM32F4xx_HAL_Driver/Src/stm32f4xx_hal_dma.o
                0x08001e80                HAL_DMA_Abort_IT
 .text.HAL_DMA_IRQHandler
                0x08001ec4      0x314 ./Drivers/STM32F4xx_HAL_Driver/Src/stm32f4xx_hal_dma.o
                0x08001ec4                HAL_DMA_IRQHandler
 .text.DMA_SetConfig
                0x080021d8       0x5c ./Drivers/STM32F4xx_HAL_Driver/Src/stm32f4xx_hal_dma.o
 .text.DMA_CalcBaseAndBitshift
                0x08002234       0x6c ./Drivers/STM32F4xx_HAL_Driver/Src/stm32f4xx_hal_dma.o
 .text.DMA_CheckFifoParam
                0x080022a0       0xf8 ./Drivers/STM32F4xx_HAL_Driver/Src/stm32f4xx_hal_dma.o
 .text.HAL_GPIO_Init
                0x08002398      0x338 ./Drivers/STM32F4xx_HAL_Driver/Src/stm32f4xx_hal_gpio.o
                0x08002398                HAL_GPIO_Init
 .text.HAL_GPIO_WritePin
                0x080026d0       0x32 ./Drivers/STM32F4xx_HAL_Driver/Src/stm32f4xx_hal_gpio.o
                0x080026d0                HAL_GPIO_WritePin
 *fill*         0x08002702        0x2 
 .text.HAL_I2S_Init
                0x08002704      0x280 ./Drivers/STM32F4xx_HAL_Driver/Src/stm32f4xx_hal_i2s.o
                0x08002704                HAL_I2S_Init
 .text.HAL_I2S_Transmit_DMA
                0x08002984      0x148 ./Drivers/STM32F4xx_HAL_Driver/Src/stm32f4xx_hal_i2s.o
                0x08002984                HAL_I2S_Transmit_DMA
 .text.HAL_I2S_IRQHandler
                0x08002acc       0x18 ./Drivers/STM32F4xx_HAL_Driver/Src/stm32f4xx_hal_i2s.o
                0x08002acc                HAL_I2S_IRQHandler
 .text.HAL_I2S_TxHalfCpltCallback
                0x08002ae4       0x14 ./Drivers/STM32F4xx_HAL_Driver/Src/stm32f4xx_hal_i2s.o
                0x08002ae4                HAL_I2S_TxHalfCpltCallback
 .text.HAL_I2S_TxCpltCallback
                0x08002af8       0x14 ./Drivers/STM32F4xx_HAL_Driver/Src/stm32f4xx_hal_i2s.o
                0x08002af8                HAL_I2S_TxCpltCallback
 .text.HAL_I2S_ErrorCallback
                0x08002b0c       0x14 ./Drivers/STM32F4xx_HAL_Driver/Src/stm32f4xx_hal_i2s.o
                0x08002b0c                HAL_I2S_ErrorCallback
 .text.I2S_DMATxCplt
                0x08002b20       0x42 ./Drivers/STM32F4xx_HAL_Driver/Src/stm32f4xx_hal_i2s.o
 .text.I2S_DMATxHalfCplt
                0x08002b62       0x1c ./Drivers/STM32F4xx_HAL_Driver/Src/stm32f4xx_hal_i2s.o
 .text.I2S_DMAError
                0x08002b7e       0x4c ./Drivers/STM32F4xx_HAL_Driver/Src/stm32f4xx_hal_i2s.o
 .text.I2S_Transmit_IT
                0x08002bca       0x5c ./Drivers/STM32F4xx_HAL_Driver/Src/stm32f4xx_hal_i2s.o
 .text.I2S_Receive_IT
                0x08002c26       0x5e ./Drivers/STM32F4xx_HAL_Driver/Src/stm32f4xx_hal_i2s.o
 .text.I2S_IRQHandler
                0x08002c84      0x114 ./Drivers/STM32F4xx_HAL_Driver/Src/stm32f4xx_hal_i2s.o
 .text.HAL_I2SEx_FullDuplex_IRQHandler
                0x08002d98      0x2a8 ./Drivers/STM32F4xx_HAL_Driver/Src/stm32f4xx_hal_i2s_ex.o
                0x08002d98                HAL_I2SEx_FullDuplex_IRQHandler
 .text.HAL_I2SEx_TxRxCpltCallback
                0x08003040       0x14 ./Drivers/STM32F4xx_HAL_Driver/Src/stm32f4xx_hal_i2s_ex.o
                0x08003040                HAL_I2SEx_TxRxCpltCallback
 .text.I2SEx_TxISR_I2S
                0x08003054       0x62 ./Drivers/STM32F4xx_HAL_Driver/Src/stm32f4xx_hal_i2s_ex.o
 *fill*         0x080030b6        0x2 
 .text.I2SEx_TxISR_I2SExt
                0x080030b8       0x98 ./Drivers/STM32F4xx_HAL_Driver/Src/stm32f4xx_hal_i2s_ex.o
 .text.I2SEx_RxISR_I2S
                0x08003150       0x64 ./Drivers/STM32F4xx_HAL_Driver/Src/stm32f4xx_hal_i2s_ex.o
 .text.I2SEx_RxISR_I2SExt
                0x080031b4       0x98 ./Drivers/STM32F4xx_HAL_Driver/Src/stm32f4xx_hal_i2s_ex.o
 .text.HAL_RCC_OscConfig
                0x0800324c      0x4f0 ./Drivers/STM32F4xx_HAL_Driver/Src/stm32f4xx_hal_rcc.o
                0x0800324c                HAL_RCC_OscConfig
 .text.HAL_RCC_ClockConfig
                0x0800373c      0x1cc ./Drivers/STM32F4xx_HAL_Driver/Src/stm32f4xx_hal_rcc.o
                0x0800373c                HAL_RCC_ClockConfig
 .text.HAL_RCC_GetSysClockFreq
                0x08003908      0x20c ./Drivers/STM32F4xx_HAL_Driver/Src/stm32f4xx_hal_rcc.o
                0x08003908                HAL_RCC_GetSysClockFreq
 .text.HAL_RCC_GetHCLKFreq
                0x08003b14       0x18 ./Drivers/STM32F4xx_HAL_Driver/Src/stm32f4xx_hal_rcc.o
                0x08003b14                HAL_RCC_GetHCLKFreq
 .text.HAL_RCC_GetPCLK1Freq
                0x08003b2c       0x28 ./Drivers/STM32F4xx_HAL_Driver/Src/stm32f4xx_hal_rcc.o
                0x08003b2c                HAL_RCC_GetPCLK1Freq
 .text.HAL_RCC_GetPCLK2Freq
                0x08003b54       0x28 ./Drivers/STM32F4xx_HAL_Driver/Src/stm32f4xx_hal_rcc.o
                0x08003b54                HAL_RCC_GetPCLK2Freq
 .text.HAL_RCC_GetClockConfig
                0x08003b7c       0x64 ./Drivers/STM32F4xx_HAL_Driver/Src/stm32f4xx_hal_rcc.o
                0x08003b7c                HAL_RCC_GetClockConfig
 .text.HAL_RCCEx_PeriphCLKConfig
                0x08003be0      0x1c4 ./Drivers/STM32F4xx_HAL_Driver/Src/stm32f4xx_hal_rcc_ex.o
                0x08003be0                HAL_RCCEx_PeriphCLKConfig
 .text.HAL_RCCEx_GetPeriphCLKFreq
                0x08003da4       0xc0 ./Drivers/STM32F4xx_HAL_Driver/Src/stm32f4xx_hal_rcc_ex.o
                0x08003da4                HAL_RCCEx_GetPeriphCLKFreq
 .text.HAL_SPI_Init
                0x08003e64      0x112 ./Drivers/STM32F4xx_HAL_Driver/Src/stm32f4xx_hal_spi.o
                0x08003e64                HAL_SPI_Init
 .text.HAL_SPI_Transmit
                0x08003f76      0x288 ./Drivers/STM32F4xx_HAL_Driver/Src/stm32f4xx_hal_spi.o
                0x08003f76                HAL_SPI_Transmit
 *fill*         0x080041fe        0x2 
 .text.HAL_SPI_Transmit_DMA
                0x08004200      0x164 ./Drivers/STM32F4xx_HAL_Driver/Src/stm32f4xx_hal_spi.o
                0x08004200                HAL_SPI_Transmit_DMA
 .text.HAL_SPI_IRQHandler
                0x08004364      0x200 ./Drivers/STM32F4xx_HAL_Driver/Src/stm32f4xx_hal_spi.o
                0x08004364                HAL_SPI_IRQHandler
 .text.HAL_SPI_TxHalfCpltCallback
                0x08004564       0x14 ./Drivers/STM32F4xx_HAL_Driver/Src/stm32f4xx_hal_spi.o
                0x08004564                HAL_SPI_TxHalfCpltCallback
 .text.HAL_SPI_ErrorCallback
                0x08004578       0x14 ./Drivers/STM32F4xx_HAL_Driver/Src/stm32f4xx_hal_spi.o
                0x08004578                HAL_SPI_ErrorCallback
 .text.SPI_DMATransmitCplt
                0x0800458c       0xa8 ./Drivers/STM32F4xx_HAL_Driver/Src/stm32f4xx_hal_spi.o
 .text.SPI_DMAHalfTransmitCplt
                0x08004634       0x1c ./Drivers/STM32F4xx_HAL_Driver/Src/stm32f4xx_hal_spi.o
 .text.SPI_DMAError
                0x08004650       0x40 ./Drivers/STM32F4xx_HAL_Driver/Src/stm32f4xx_hal_spi.o
 .text.SPI_DMAAbortOnError
                0x08004690       0x28 ./Drivers/STM32F4xx_HAL_Driver/Src/stm32f4xx_hal_spi.o
 .text.SPI_WaitFlagStateUntilTimeout
                0x080046b8      0x110 ./Drivers/STM32F4xx_HAL_Driver/Src/stm32f4xx_hal_spi.o
 .text.SPI_EndRxTxTransaction
                0x080047c8       0xa8 ./Drivers/STM32F4xx_HAL_Driver/Src/stm32f4xx_hal_spi.o
 .text.HAL_TIM_Base_Init
                0x08004870       0x9e ./Drivers/STM32F4xx_HAL_Driver/Src/stm32f4xx_hal_tim.o
                0x08004870                HAL_TIM_Base_Init
 .text.HAL_TIM_Base_MspInit
                0x0800490e       0x14 ./Drivers/STM32F4xx_HAL_Driver/Src/stm32f4xx_hal_tim.o
                0x0800490e                HAL_TIM_Base_MspInit
 *fill*         0x08004922        0x2 
 .text.HAL_TIM_Base_Start_IT
                0x08004924       0xe0 ./Drivers/STM32F4xx_HAL_Driver/Src/stm32f4xx_hal_tim.o
                0x08004924                HAL_TIM_Base_Start_IT
 .text.HAL_TIM_IRQHandler
                0x08004a04      0x1e0 ./Drivers/STM32F4xx_HAL_Driver/Src/stm32f4xx_hal_tim.o
                0x08004a04                HAL_TIM_IRQHandler
 .text.HAL_TIM_OC_DelayElapsedCallback
                0x08004be4       0x14 ./Drivers/STM32F4xx_HAL_Driver/Src/stm32f4xx_hal_tim.o
                0x08004be4                HAL_TIM_OC_DelayElapsedCallback
 .text.HAL_TIM_IC_CaptureCallback
                0x08004bf8       0x14 ./Drivers/STM32F4xx_HAL_Driver/Src/stm32f4xx_hal_tim.o
                0x08004bf8                HAL_TIM_IC_CaptureCallback
 .text.HAL_TIM_PWM_PulseFinishedCallback
                0x08004c0c       0x14 ./Drivers/STM32F4xx_HAL_Driver/Src/stm32f4xx_hal_tim.o
                0x08004c0c                HAL_TIM_PWM_PulseFinishedCallback
 .text.HAL_TIM_TriggerCallback
                0x08004c20       0x14 ./Drivers/STM32F4xx_HAL_Driver/Src/stm32f4xx_hal_tim.o
                0x08004c20                HAL_TIM_TriggerCallback
 .text.TIM_Base_SetConfig
                0x08004c34      0x14c ./Drivers/STM32F4xx_HAL_Driver/Src/stm32f4xx_hal_tim.o
                0x08004c34                TIM_Base_SetConfig
 .text.HAL_TIMEx_CommutCallback
                0x08004d80       0x14 ./Drivers/STM32F4xx_HAL_Driver/Src/stm32f4xx_hal_tim_ex.o
                0x08004d80                HAL_TIMEx_CommutCallback
 .text.HAL_TIMEx_BreakCallback
                0x08004d94       0x14 ./Drivers/STM32F4xx_HAL_Driver/Src/stm32f4xx_hal_tim_ex.o
                0x08004d94                HAL_TIMEx_BreakCallback
 .text.HAL_UART_Init
                0x08004da8       0xa0 ./Drivers/STM32F4xx_HAL_Driver/Src/stm32f4xx_hal_uart.o
                0x08004da8                HAL_UART_Init
 .text.HAL_UART_Receive_IT
                0x08004e48       0x4a ./Drivers/STM32F4xx_HAL_Driver/Src/stm32f4xx_hal_uart.o
                0x08004e48                HAL_UART_Receive_IT
 .text.UART_Start_Receive_IT
                0x08004e92       0x74 ./Drivers/STM32F4xx_HAL_Driver/Src/stm32f4xx_hal_uart.o
                0x08004e92                UART_Start_Receive_IT
 *fill*         0x08004f06        0x2 
 .text.UART_SetConfig
                0x08004f08      0x4e8 ./Drivers/STM32F4xx_HAL_Driver/Src/stm32f4xx_hal_uart.o
 .text.SysTick_Handler
                0x080053f0       0x20 ./Middlewares/Third_Party/FreeRTOS/Source/CMSIS_RTOS_V2/cmsis_os2.o
                0x080053f0                SysTick_Handler
 .text.vApplicationGetIdleTaskMemory
                0x08005410       0x34 ./Middlewares/Third_Party/FreeRTOS/Source/CMSIS_RTOS_V2/cmsis_os2.o
                0x08005410                vApplicationGetIdleTaskMemory
 .text.vApplicationGetTimerTaskMemory
                0x08005444       0x34 ./Middlewares/Third_Party/FreeRTOS/Source/CMSIS_RTOS_V2/cmsis_os2.o
                0x08005444                vApplicationGetTimerTaskMemory
 .text.vListInitialise
                0x08005478       0x40 ./Middlewares/Third_Party/FreeRTOS/Source/list.o
                0x08005478                vListInitialise
 .text.vListInitialiseItem
                0x080054b8       0x1a ./Middlewares/Third_Party/FreeRTOS/Source/list.o
                0x080054b8                vListInitialiseItem
 .text.vListInsertEnd
                0x080054d2       0x48 ./Middlewares/Third_Party/FreeRTOS/Source/list.o
                0x080054d2                vListInsertEnd
 .text.vListInsert
                0x0800551a       0x72 ./Middlewares/Third_Party/FreeRTOS/Source/list.o
                0x0800551a                vListInsert
 .text.uxListRemove
                0x0800558c       0x54 ./Middlewares/Third_Party/FreeRTOS/Source/list.o
                0x0800558c                uxListRemove
 .text.xQueueGenericReset
                0x080055e0       0xd4 ./Middlewares/Third_Party/FreeRTOS/Source/queue.o
                0x080055e0                xQueueGenericReset
 .text.xQueueGenericCreateStatic
                0x080056b4       0xfa ./Middlewares/Third_Party/FreeRTOS/Source/queue.o
                0x080056b4                xQueueGenericCreateStatic
 .text.prvInitialiseNewQueue
                0x080057ae       0x46 ./Middlewares/Third_Party/FreeRTOS/Source/queue.o
 .text.xQueueGenericSend
                0x080057f4      0x204 ./Middlewares/Third_Party/FreeRTOS/Source/queue.o
                0x080057f4                xQueueGenericSend
 .text.xQueueGenericSendFromISR
                0x080059f8      0x13c ./Middlewares/Third_Party/FreeRTOS/Source/queue.o
                0x080059f8                xQueueGenericSendFromISR
 .text.xQueueReceive
                0x08005b34      0x1c4 ./Middlewares/Third_Party/FreeRTOS/Source/queue.o
                0x08005b34                xQueueReceive
 .text.prvCopyDataToQueue
                0x08005cf8       0xd4 ./Middlewares/Third_Party/FreeRTOS/Source/queue.o
 .text.prvCopyDataFromQueue
                0x08005dcc       0x4c ./Middlewares/Third_Party/FreeRTOS/Source/queue.o
 .text.prvUnlockQueue
                0x08005e18       0xa4 ./Middlewares/Third_Party/FreeRTOS/Source/queue.o
 .text.prvIsQueueEmpty
                0x08005ebc       0x2c ./Middlewares/Third_Party/FreeRTOS/Source/queue.o
 .text.prvIsQueueFull
                0x08005ee8       0x30 ./Middlewares/Third_Party/FreeRTOS/Source/queue.o
 .text.vQueueAddToRegistry
                0x08005f18       0x54 ./Middlewares/Third_Party/FreeRTOS/Source/queue.o
                0x08005f18                vQueueAddToRegistry
 .text.vQueueWaitForMessageRestricted
                0x08005f6c       0x68 ./Middlewares/Third_Party/FreeRTOS/Source/queue.o
                0x08005f6c                vQueueWaitForMessageRestricted
 .text.xTaskCreateStatic
                0x08005fd4       0xc0 ./Middlewares/Third_Party/FreeRTOS/Source/tasks.o
                0x08005fd4                xTaskCreateStatic
 .text.xTaskCreate
                0x08006094       0x8a ./Middlewares/Third_Party/FreeRTOS/Source/tasks.o
                0x08006094                xTaskCreate
 *fill*         0x0800611e        0x2 
 .text.prvInitialiseNewTask
                0x08006120      0x150 ./Middlewares/Third_Party/FreeRTOS/Source/tasks.o
 .text.prvAddNewTaskToReadyList
                0x08006270       0xe0 ./Middlewares/Third_Party/FreeRTOS/Source/tasks.o
 .text.vTaskStartScheduler
                0x08006350       0xe0 ./Middlewares/Third_Party/FreeRTOS/Source/tasks.o
                0x08006350                vTaskStartScheduler
 .text.vTaskSuspendAll
                0x08006430       0x1c ./Middlewares/Third_Party/FreeRTOS/Source/tasks.o
                0x08006430                vTaskSuspendAll
 .text.xTaskResumeAll
                0x0800644c      0x13c ./Middlewares/Third_Party/FreeRTOS/Source/tasks.o
                0x0800644c                xTaskResumeAll
 .text.xTaskGetTickCount
                0x08006588       0x20 ./Middlewares/Third_Party/FreeRTOS/Source/tasks.o
                0x08006588                xTaskGetTickCount
 .text.xTaskIncrementTick
                0x080065a8      0x174 ./Middlewares/Third_Party/FreeRTOS/Source/tasks.o
                0x080065a8                xTaskIncrementTick
 .text.vTaskSwitchContext
                0x0800671c       0xcc ./Middlewares/Third_Party/FreeRTOS/Source/tasks.o
                0x0800671c                vTaskSwitchContext
 .text.vTaskPlaceOnEventList
                0x080067e8       0x4c ./Middlewares/Third_Party/FreeRTOS/Source/tasks.o
                0x080067e8                vTaskPlaceOnEventList
 .text.vTaskPlaceOnEventListRestricted
                0x08006834       0x58 ./Middlewares/Third_Party/FreeRTOS/Source/tasks.o
                0x08006834                vTaskPlaceOnEventListRestricted
 .text.xTaskRemoveFromEventList
                0x0800688c       0xc8 ./Middlewares/Third_Party/FreeRTOS/Source/tasks.o
                0x0800688c                xTaskRemoveFromEventList
 .text.vTaskInternalSetTimeOutState
                0x08006954       0x2c ./Middlewares/Third_Party/FreeRTOS/Source/tasks.o
                0x08006954                vTaskInternalSetTimeOutState
 .text.xTaskCheckForTimeOut
                0x08006980       0xc8 ./Middlewares/Third_Party/FreeRTOS/Source/tasks.o
                0x08006980                xTaskCheckForTimeOut
 .text.vTaskMissedYield
                0x08006a48       0x18 ./Middlewares/Third_Party/FreeRTOS/Source/tasks.o
                0x08006a48                vTaskMissedYield
 .text.prvIdleTask
                0x08006a60       0x30 ./Middlewares/Third_Party/FreeRTOS/Source/tasks.o
 .text.prvInitialiseTaskLists
                0x08006a90       0x80 ./Middlewares/Third_Party/FreeRTOS/Source/tasks.o
 .text.prvCheckTasksWaitingTermination
                0x08006b10       0x5c ./Middlewares/Third_Party/FreeRTOS/Source/tasks.o
 .text.prvDeleteTCB
                0x08006b6c       0x6a ./Middlewares/Third_Party/FreeRTOS/Source/tasks.o
 *fill*         0x08006bd6        0x2 
 .text.prvResetNextTaskUnblockTime
                0x08006bd8       0x40 ./Middlewares/Third_Party/FreeRTOS/Source/tasks.o
 .text.xTaskGetSchedulerState
                0x08006c18       0x3c ./Middlewares/Third_Party/FreeRTOS/Source/tasks.o
                0x08006c18                xTaskGetSchedulerState
 .text.xTaskPriorityDisinherit
                0x08006c54       0xe0 ./Middlewares/Third_Party/FreeRTOS/Source/tasks.o
                0x08006c54                xTaskPriorityDisinherit
 .text.xTaskNotifyWait
                0x08006d34       0xc0 ./Middlewares/Third_Party/FreeRTOS/Source/tasks.o
                0x08006d34                xTaskNotifyWait
 .text.xTaskGenericNotifyFromISR
                0x08006df4      0x1cc ./Middlewares/Third_Party/FreeRTOS/Source/tasks.o
                0x08006df4                xTaskGenericNotifyFromISR
 .text.prvAddCurrentTaskToDelayedList
                0x08006fc0       0xa8 ./Middlewares/Third_Party/FreeRTOS/Source/tasks.o
 .text.xTimerCreateTimerTask
                0x08007068       0x94 ./Middlewares/Third_Party/FreeRTOS/Source/timers.o
                0x08007068                xTimerCreateTimerTask
 .text.xTimerGenericCommand
                0x080070fc       0x9c ./Middlewares/Third_Party/FreeRTOS/Source/timers.o
                0x080070fc                xTimerGenericCommand
 .text.prvProcessExpiredTimer
                0x08007198       0x9c ./Middlewares/Third_Party/FreeRTOS/Source/timers.o
 .text.prvTimerTask
                0x08007234       0x26 ./Middlewares/Third_Party/FreeRTOS/Source/timers.o
 *fill*         0x0800725a        0x2 
 .text.prvProcessTimerOrBlockTask
                0x0800725c       0x9c ./Middlewares/Third_Party/FreeRTOS/Source/timers.o
 .text.prvGetNextExpireTime
                0x080072f8       0x48 ./Middlewares/Third_Party/FreeRTOS/Source/timers.o
 .text.prvSampleTimeNow
                0x08007340       0x40 ./Middlewares/Third_Party/FreeRTOS/Source/timers.o
 .text.prvInsertTimerInActiveList
                0x08007380       0x84 ./Middlewares/Third_Party/FreeRTOS/Source/timers.o
 .text.prvProcessReceivedCommands
                0x08007404      0x1cc ./Middlewares/Third_Party/FreeRTOS/Source/timers.o
 .text.prvSwitchTimerLists
                0x080075d0       0xcc ./Middlewares/Third_Party/FreeRTOS/Source/timers.o
 .text.prvCheckForValidListAndQueue
                0x0800769c       0x80 ./Middlewares/Third_Party/FreeRTOS/Source/timers.o
 .text.pxPortInitialiseStack
                0x0800771c       0x68 ./Middlewares/Third_Party/FreeRTOS/Source/portable/GCC/ARM_CM4F/port.o
                0x0800771c                pxPortInitialiseStack
 .text.prvTaskExitError
                0x08007784       0x5c ./Middlewares/Third_Party/FreeRTOS/Source/portable/GCC/ARM_CM4F/port.o
 .text.SVC_Handler
                0x080077e0       0x28 ./Middlewares/Third_Party/FreeRTOS/Source/portable/GCC/ARM_CM4F/port.o
                0x080077e0                SVC_Handler
 .text.prvPortStartFirstTask
                0x08007808       0x28 ./Middlewares/Third_Party/FreeRTOS/Source/portable/GCC/ARM_CM4F/port.o
 .text.xPortStartScheduler
                0x08007830      0x148 ./Middlewares/Third_Party/FreeRTOS/Source/portable/GCC/ARM_CM4F/port.o
                0x08007830                xPortStartScheduler
 .text.vPortEnterCritical
                0x08007978       0x64 ./Middlewares/Third_Party/FreeRTOS/Source/portable/GCC/ARM_CM4F/port.o
                0x08007978                vPortEnterCritical
 .text.vPortExitCritical
                0x080079dc       0x54 ./Middlewares/Third_Party/FreeRTOS/Source/portable/GCC/ARM_CM4F/port.o
                0x080079dc                vPortExitCritical
 .text.PendSV_Handler
                0x08007a30       0x68 ./Middlewares/Third_Party/FreeRTOS/Source/portable/GCC/ARM_CM4F/port.o
                0x08007a30                PendSV_Handler
 .text.xPortSysTickHandler
                0x08007a98       0x44 ./Middlewares/Third_Party/FreeRTOS/Source/portable/GCC/ARM_CM4F/port.o
                0x08007a98                xPortSysTickHandler
 .text.vPortSetupTimerInterrupt
                0x08007adc       0x48 ./Middlewares/Third_Party/FreeRTOS/Source/portable/GCC/ARM_CM4F/port.o
                0x08007adc                vPortSetupTimerInterrupt
 .text.vPortEnableVFP
                0x08007b24       0x14 ./Middlewares/Third_Party/FreeRTOS/Source/portable/GCC/ARM_CM4F/port.o
 .text.vPortValidateInterruptPriority
                0x08007b38       0x84 ./Middlewares/Third_Party/FreeRTOS/Source/portable/GCC/ARM_CM4F/port.o
                0x08007b38                vPortValidateInterruptPriority
 .text.pvPortMalloc
                0x08007bbc      0x19c ./Middlewares/Third_Party/FreeRTOS/Source/portable/MemMang/heap_4.o
                0x08007bbc                pvPortMalloc
 .text.vPortFree
                0x08007d58       0xc8 ./Middlewares/Third_Party/FreeRTOS/Source/portable/MemMang/heap_4.o
                0x08007d58                vPortFree
 .text.prvHeapInit
                0x08007e20       0xc4 ./Middlewares/Third_Party/FreeRTOS/Source/portable/MemMang/heap_4.o
 .text.prvInsertBlockIntoFreeList
                0x08007ee4       0xb4 ./Middlewares/Third_Party/FreeRTOS/Source/portable/MemMang/heap_4.o
 .text.MX_PDM2PCM_Init
                0x08007f98       0x54 ./PDM2PCM/App/pdm2pcm.o
                0x08007f98                MX_PDM2PCM_Init
 .text.D16_GENERIC
                0x08007fec      0x118 ../Middlewares/ST/STM32_Audio/Addons/PDM/Lib\libPDMFilter_CM4_GCC_wc32.a(pdm_filter.o)
 .text.D24_GENERIC
                0x08008104      0x188 ../Middlewares/ST/STM32_Audio/Addons/PDM/Lib\libPDMFilter_CM4_GCC_wc32.a(pdm_filter.o)
 .text.D32_GENERIC
                0x0800828c      0x188 ../Middlewares/ST/STM32_Audio/Addons/PDM/Lib\libPDMFilter_CM4_GCC_wc32.a(pdm_filter.o)
 .text.D48_GENERIC
                0x08008414      0x1e8 ../Middlewares/ST/STM32_Audio/Addons/PDM/Lib\libPDMFilter_CM4_GCC_wc32.a(pdm_filter.o)
 .text.D64_GENERIC
                0x080085fc      0x21c ../Middlewares/ST/STM32_Audio/Addons/PDM/Lib\libPDMFilter_CM4_GCC_wc32.a(pdm_filter.o)
 .text.D80_GENERIC
                0x08008818      0x294 ../Middlewares/ST/STM32_Audio/Addons/PDM/Lib\libPDMFilter_CM4_GCC_wc32.a(pdm_filter.o)
 .text.D128_GENERIC
                0x08008aac      0x3e0 ../Middlewares/ST/STM32_Audio/Addons/PDM/Lib\libPDMFilter_CM4_GCC_wc32.a(pdm_filter.o)
 .text.D16_1CH_HTONS_VOL_HP
                0x08008e8c       0xe8 ../Middlewares/ST/STM32_Audio/Addons/PDM/Lib\libPDMFilter_CM4_GCC_wc32.a(pdm_filter.o)
 .text.D24_1CH_HTONS_VOL_HP
                0x08008f74      0x144 ../Middlewares/ST/STM32_Audio/Addons/PDM/Lib\libPDMFilter_CM4_GCC_wc32.a(pdm_filter.o)
 .text.D32_1CH_HTONS_VOL_HP
                0x080090b8      0x11c ../Middlewares/ST/STM32_Audio/Addons/PDM/Lib\libPDMFilter_CM4_GCC_wc32.a(pdm_filter.o)
 .text.D48_1CH_HTONS_VOL_HP
                0x080091d4      0x16c ../Middlewares/ST/STM32_Audio/Addons/PDM/Lib\libPDMFilter_CM4_GCC_wc32.a(pdm_filter.o)
 .text.D64_1CH_HTONS_VOL_HP
                0x08009340      0x1a0 ../Middlewares/ST/STM32_Audio/Addons/PDM/Lib\libPDMFilter_CM4_GCC_wc32.a(pdm_filter.o)
 .text.D80_1CH_HTONS_VOL_HP
                0x080094e0      0x208 ../Middlewares/ST/STM32_Audio/Addons/PDM/Lib\libPDMFilter_CM4_GCC_wc32.a(pdm_filter.o)
 .text.D128_1CH_HTONS_VOL_HP
                0x080096e8      0x324 ../Middlewares/ST/STM32_Audio/Addons/PDM/Lib\libPDMFilter_CM4_GCC_wc32.a(pdm_filter.o)
 .text.PDM_Filter_Init
                0x08009a0c      0x1a0 ../Middlewares/ST/STM32_Audio/Addons/PDM/Lib\libPDMFilter_CM4_GCC_wc32.a(pdm_filter.o)
                0x08009a0c                PDM_Filter_Init
 .text.PDM_Filter_setConfig
                0x08009bac      0x20c ../Middlewares/ST/STM32_Audio/Addons/PDM/Lib\libPDMFilter_CM4_GCC_wc32.a(pdm_filter.o)
                0x08009bac                PDM_Filter_setConfig
 .text.PDM_Filter
                0x08009db8       0x34 ../Middlewares/ST/STM32_Audio/Addons/PDM/Lib\libPDMFilter_CM4_GCC_wc32.a(pdm_filter.o)
                0x08009db8                PDM_Filter
 .text.std      0x08009dec       0x6c C:/ST/STM32CubeIDE_1.18.1/STM32CubeIDE/plugins/com.st.stm32cube.ide.mcu.externaltools.gnu-tools-for-stm32.13.3.rel1.win32_1.0.0.202411081344/tools/bin/../lib/gcc/arm-none-eabi/13.3.1/../../../../arm-none-eabi/lib/thumb/v7e-m+fp/hard\libc_nano.a(libc_a-findfp.o)
 .text.stdio_exit_handler
                0x08009e58       0x18 C:/ST/STM32CubeIDE_1.18.1/STM32CubeIDE/plugins/com.st.stm32cube.ide.mcu.externaltools.gnu-tools-for-stm32.13.3.rel1.win32_1.0.0.202411081344/tools/bin/../lib/gcc/arm-none-eabi/13.3.1/../../../../arm-none-eabi/lib/thumb/v7e-m+fp/hard\libc_nano.a(libc_a-findfp.o)
 .text.cleanup_stdio
                0x08009e70       0x40 C:/ST/STM32CubeIDE_1.18.1/STM32CubeIDE/plugins/com.st.stm32cube.ide.mcu.externaltools.gnu-tools-for-stm32.13.3.rel1.win32_1.0.0.202411081344/tools/bin/../lib/gcc/arm-none-eabi/13.3.1/../../../../arm-none-eabi/lib/thumb/v7e-m+fp/hard\libc_nano.a(libc_a-findfp.o)
 .text.global_stdio_init.part.0
                0x08009eb0       0x3c C:/ST/STM32CubeIDE_1.18.1/STM32CubeIDE/plugins/com.st.stm32cube.ide.mcu.externaltools.gnu-tools-for-stm32.13.3.rel1.win32_1.0.0.202411081344/tools/bin/../lib/gcc/arm-none-eabi/13.3.1/../../../../arm-none-eabi/lib/thumb/v7e-m+fp/hard\libc_nano.a(libc_a-findfp.o)
 .text.__sfp_lock_acquire
                0x08009eec        0xc C:/ST/STM32CubeIDE_1.18.1/STM32CubeIDE/plugins/com.st.stm32cube.ide.mcu.externaltools.gnu-tools-for-stm32.13.3.rel1.win32_1.0.0.202411081344/tools/bin/../lib/gcc/arm-none-eabi/13.3.1/../../../../arm-none-eabi/lib/thumb/v7e-m+fp/hard\libc_nano.a(libc_a-findfp.o)
                0x08009eec                __sfp_lock_acquire
 .text.__sfp_lock_release
                0x08009ef8        0xc C:/ST/STM32CubeIDE_1.18.1/STM32CubeIDE/plugins/com.st.stm32cube.ide.mcu.externaltools.gnu-tools-for-stm32.13.3.rel1.win32_1.0.0.202411081344/tools/bin/../lib/gcc/arm-none-eabi/13.3.1/../../../../arm-none-eabi/lib/thumb/v7e-m+fp/hard\libc_nano.a(libc_a-findfp.o)
                0x08009ef8                __sfp_lock_release
 .text.__sinit  0x08009f04       0x30 C:/ST/STM32CubeIDE_1.18.1/STM32CubeIDE/plugins/com.st.stm32cube.ide.mcu.externaltools.gnu-tools-for-stm32.13.3.rel1.win32_1.0.0.202411081344/tools/bin/../lib/gcc/arm-none-eabi/13.3.1/../../../../arm-none-eabi/lib/thumb/v7e-m+fp/hard\libc_nano.a(libc_a-findfp.o)
                0x08009f04                __sinit
 .text._fwalk_sglue
                0x08009f34       0x3c C:/ST/STM32CubeIDE_1.18.1/STM32CubeIDE/plugins/com.st.stm32cube.ide.mcu.externaltools.gnu-tools-for-stm32.13.3.rel1.win32_1.0.0.202411081344/tools/bin/../lib/gcc/arm-none-eabi/13.3.1/../../../../arm-none-eabi/lib/thumb/v7e-m+fp/hard\libc_nano.a(libc_a-fwalk.o)
                0x08009f34                _fwalk_sglue
 .text.printf   0x08009f70       0x24 C:/ST/STM32CubeIDE_1.18.1/STM32CubeIDE/plugins/com.st.stm32cube.ide.mcu.externaltools.gnu-tools-for-stm32.13.3.rel1.win32_1.0.0.202411081344/tools/bin/../lib/gcc/arm-none-eabi/13.3.1/../../../../arm-none-eabi/lib/thumb/v7e-m+fp/hard\libc_nano.a(libc_a-printf.o)
                0x08009f70                iprintf
                0x08009f70                printf
 .text.__sread  0x08009f94       0x22 C:/ST/STM32CubeIDE_1.18.1/STM32CubeIDE/plugins/com.st.stm32cube.ide.mcu.externaltools.gnu-tools-for-stm32.13.3.rel1.win32_1.0.0.202411081344/tools/bin/../lib/gcc/arm-none-eabi/13.3.1/../../../../arm-none-eabi/lib/thumb/v7e-m+fp/hard\libc_nano.a(libc_a-stdio.o)
                0x08009f94                __sread
 .text.__swrite
                0x08009fb6       0x38 C:/ST/STM32CubeIDE_1.18.1/STM32CubeIDE/plugins/com.st.stm32cube.ide.mcu.externaltools.gnu-tools-for-stm32.13.3.rel1.win32_1.0.0.202411081344/tools/bin/../lib/gcc/arm-none-eabi/13.3.1/../../../../arm-none-eabi/lib/thumb/v7e-m+fp/hard\libc_nano.a(libc_a-stdio.o)
                0x08009fb6                __swrite
 .text.__sseek  0x08009fee       0x24 C:/ST/STM32CubeIDE_1.18.1/STM32CubeIDE/plugins/com.st.stm32cube.ide.mcu.externaltools.gnu-tools-for-stm32.13.3.rel1.win32_1.0.0.202411081344/tools/bin/../lib/gcc/arm-none-eabi/13.3.1/../../../../arm-none-eabi/lib/thumb/v7e-m+fp/hard\libc_nano.a(libc_a-stdio.o)
                0x08009fee                __sseek
 .text.__sclose
                0x0800a012        0x8 C:/ST/STM32CubeIDE_1.18.1/STM32CubeIDE/plugins/com.st.stm32cube.ide.mcu.externaltools.gnu-tools-for-stm32.13.3.rel1.win32_1.0.0.202411081344/tools/bin/../lib/gcc/arm-none-eabi/13.3.1/../../../../arm-none-eabi/lib/thumb/v7e-m+fp/hard\libc_nano.a(libc_a-stdio.o)
                0x0800a012                __sclose
 .text.memset   0x0800a01a       0x10 C:/ST/STM32CubeIDE_1.18.1/STM32CubeIDE/plugins/com.st.stm32cube.ide.mcu.externaltools.gnu-tools-for-stm32.13.3.rel1.win32_1.0.0.202411081344/tools/bin/../lib/gcc/arm-none-eabi/13.3.1/../../../../arm-none-eabi/lib/thumb/v7e-m+fp/hard\libc_nano.a(libc_a-memset.o)
                0x0800a01a                memset
 *fill*         0x0800a02a        0x2 
 .text._close_r
                0x0800a02c       0x20 C:/ST/STM32CubeIDE_1.18.1/STM32CubeIDE/plugins/com.st.stm32cube.ide.mcu.externaltools.gnu-tools-for-stm32.13.3.rel1.win32_1.0.0.202411081344/tools/bin/../lib/gcc/arm-none-eabi/13.3.1/../../../../arm-none-eabi/lib/thumb/v7e-m+fp/hard\libc_nano.a(libc_a-closer.o)
                0x0800a02c                _close_r
 .text._reclaim_reent
                0x0800a04c       0xbc C:/ST/STM32CubeIDE_1.18.1/STM32CubeIDE/plugins/com.st.stm32cube.ide.mcu.externaltools.gnu-tools-for-stm32.13.3.rel1.win32_1.0.0.202411081344/tools/bin/../lib/gcc/arm-none-eabi/13.3.1/../../../../arm-none-eabi/lib/thumb/v7e-m+fp/hard\libc_nano.a(libc_a-reent.o)
                0x0800a04c                _reclaim_reent
 .text._lseek_r
                0x0800a108       0x24 C:/ST/STM32CubeIDE_1.18.1/STM32CubeIDE/plugins/com.st.stm32cube.ide.mcu.externaltools.gnu-tools-for-stm32.13.3.rel1.win32_1.0.0.202411081344/tools/bin/../lib/gcc/arm-none-eabi/13.3.1/../../../../arm-none-eabi/lib/thumb/v7e-m+fp/hard\libc_nano.a(libc_a-lseekr.o)
                0x0800a108                _lseek_r
 .text._read_r  0x0800a12c       0x24 C:/ST/STM32CubeIDE_1.18.1/STM32CubeIDE/plugins/com.st.stm32cube.ide.mcu.externaltools.gnu-tools-for-stm32.13.3.rel1.win32_1.0.0.202411081344/tools/bin/../lib/gcc/arm-none-eabi/13.3.1/../../../../arm-none-eabi/lib/thumb/v7e-m+fp/hard\libc_nano.a(libc_a-readr.o)
                0x0800a12c                _read_r
 .text._write_r
                0x0800a150       0x24 C:/ST/STM32CubeIDE_1.18.1/STM32CubeIDE/plugins/com.st.stm32cube.ide.mcu.externaltools.gnu-tools-for-stm32.13.3.rel1.win32_1.0.0.202411081344/tools/bin/../lib/gcc/arm-none-eabi/13.3.1/../../../../arm-none-eabi/lib/thumb/v7e-m+fp/hard\libc_nano.a(libc_a-writer.o)
                0x0800a150                _write_r
 .text.__errno  0x0800a174        0xc C:/ST/STM32CubeIDE_1.18.1/STM32CubeIDE/plugins/com.st.stm32cube.ide.mcu.externaltools.gnu-tools-for-stm32.13.3.rel1.win32_1.0.0.202411081344/tools/bin/../lib/gcc/arm-none-eabi/13.3.1/../../../../arm-none-eabi/lib/thumb/v7e-m+fp/hard\libc_nano.a(libc_a-errno.o)
                0x0800a174                __errno
 .text.__libc_init_array
                0x0800a180       0x48 C:/ST/STM32CubeIDE_1.18.1/STM32CubeIDE/plugins/com.st.stm32cube.ide.mcu.externaltools.gnu-tools-for-stm32.13.3.rel1.win32_1.0.0.202411081344/tools/bin/../lib/gcc/arm-none-eabi/13.3.1/../../../../arm-none-eabi/lib/thumb/v7e-m+fp/hard\libc_nano.a(libc_a-init.o)
                0x0800a180                __libc_init_array
 .text.__retarget_lock_init_recursive
                0x0800a1c8        0x2 C:/ST/STM32CubeIDE_1.18.1/STM32CubeIDE/plugins/com.st.stm32cube.ide.mcu.externaltools.gnu-tools-for-stm32.13.3.rel1.win32_1.0.0.202411081344/tools/bin/../lib/gcc/arm-none-eabi/13.3.1/../../../../arm-none-eabi/lib/thumb/v7e-m+fp/hard\libc_nano.a(libc_a-lock.o)
                0x0800a1c8                __retarget_lock_init_recursive
 .text.__retarget_lock_acquire_recursive
                0x0800a1ca        0x2 C:/ST/STM32CubeIDE_1.18.1/STM32CubeIDE/plugins/com.st.stm32cube.ide.mcu.externaltools.gnu-tools-for-stm32.13.3.rel1.win32_1.0.0.202411081344/tools/bin/../lib/gcc/arm-none-eabi/13.3.1/../../../../arm-none-eabi/lib/thumb/v7e-m+fp/hard\libc_nano.a(libc_a-lock.o)
                0x0800a1ca                __retarget_lock_acquire_recursive
 .text.__retarget_lock_release_recursive
                0x0800a1cc        0x2 C:/ST/STM32CubeIDE_1.18.1/STM32CubeIDE/plugins/com.st.stm32cube.ide.mcu.externaltools.gnu-tools-for-stm32.13.3.rel1.win32_1.0.0.202411081344/tools/bin/../lib/gcc/arm-none-eabi/13.3.1/../../../../arm-none-eabi/lib/thumb/v7e-m+fp/hard\libc_nano.a(libc_a-lock.o)
                0x0800a1cc                __retarget_lock_release_recursive
 .text.memcpy   0x0800a1ce       0x1c C:/ST/STM32CubeIDE_1.18.1/STM32CubeIDE/plugins/com.st.stm32cube.ide.mcu.externaltools.gnu-tools-for-stm32.13.3.rel1.win32_1.0.0.202411081344/tools/bin/../lib/gcc/arm-none-eabi/13.3.1/../../../../arm-none-eabi/lib/thumb/v7e-m+fp/hard\libc_nano.a(libc_a-memcpy-stub.o)
                0x0800a1ce                memcpy
 *fill*         0x0800a1ea        0x2 
 .text._free_r  0x0800a1ec       0x94 C:/ST/STM32CubeIDE_1.18.1/STM32CubeIDE/plugins/com.st.stm32cube.ide.mcu.externaltools.gnu-tools-for-stm32.13.3.rel1.win32_1.0.0.202411081344/tools/bin/../lib/gcc/arm-none-eabi/13.3.1/../../../../arm-none-eabi/lib/thumb/v7e-m+fp/hard\libc_nano.a(libc_a-freer.o)
                0x0800a1ec                _free_r
 .text.sbrk_aligned
                0x0800a280       0x44 C:/ST/STM32CubeIDE_1.18.1/STM32CubeIDE/plugins/com.st.stm32cube.ide.mcu.externaltools.gnu-tools-for-stm32.13.3.rel1.win32_1.0.0.202411081344/tools/bin/../lib/gcc/arm-none-eabi/13.3.1/../../../../arm-none-eabi/lib/thumb/v7e-m+fp/hard\libc_nano.a(libc_a-mallocr.o)
 .text._malloc_r
                0x0800a2c4      0x100 C:/ST/STM32CubeIDE_1.18.1/STM32CubeIDE/plugins/com.st.stm32cube.ide.mcu.externaltools.gnu-tools-for-stm32.13.3.rel1.win32_1.0.0.202411081344/tools/bin/../lib/gcc/arm-none-eabi/13.3.1/../../../../arm-none-eabi/lib/thumb/v7e-m+fp/hard\libc_nano.a(libc_a-mallocr.o)
                0x0800a2c4                _malloc_r
 .text.__malloc_lock
                0x0800a3c4        0xc C:/ST/STM32CubeIDE_1.18.1/STM32CubeIDE/plugins/com.st.stm32cube.ide.mcu.externaltools.gnu-tools-for-stm32.13.3.rel1.win32_1.0.0.202411081344/tools/bin/../lib/gcc/arm-none-eabi/13.3.1/../../../../arm-none-eabi/lib/thumb/v7e-m+fp/hard\libc_nano.a(libc_a-mlock.o)
                0x0800a3c4                __malloc_lock
 .text.__malloc_unlock
                0x0800a3d0        0xc C:/ST/STM32CubeIDE_1.18.1/STM32CubeIDE/plugins/com.st.stm32cube.ide.mcu.externaltools.gnu-tools-for-stm32.13.3.rel1.win32_1.0.0.202411081344/tools/bin/../lib/gcc/arm-none-eabi/13.3.1/../../../../arm-none-eabi/lib/thumb/v7e-m+fp/hard\libc_nano.a(libc_a-mlock.o)
                0x0800a3d0                __malloc_unlock
 .text.__sfputc_r
                0x0800a3dc       0x2e C:/ST/STM32CubeIDE_1.18.1/STM32CubeIDE/plugins/com.st.stm32cube.ide.mcu.externaltools.gnu-tools-for-stm32.13.3.rel1.win32_1.0.0.202411081344/tools/bin/../lib/gcc/arm-none-eabi/13.3.1/../../../../arm-none-eabi/lib/thumb/v7e-m+fp/hard\libc_nano.a(libc_a-nano-vfprintf.o)
 .text.__sfputs_r
                0x0800a40a       0x24 C:/ST/STM32CubeIDE_1.18.1/STM32CubeIDE/plugins/com.st.stm32cube.ide.mcu.externaltools.gnu-tools-for-stm32.13.3.rel1.win32_1.0.0.202411081344/tools/bin/../lib/gcc/arm-none-eabi/13.3.1/../../../../arm-none-eabi/lib/thumb/v7e-m+fp/hard\libc_nano.a(libc_a-nano-vfprintf.o)
                0x0800a40a                __sfputs_r
 *fill*         0x0800a42e        0x2 
 .text._vfprintf_r
                0x0800a430      0x230 C:/ST/STM32CubeIDE_1.18.1/STM32CubeIDE/plugins/com.st.stm32cube.ide.mcu.externaltools.gnu-tools-for-stm32.13.3.rel1.win32_1.0.0.202411081344/tools/bin/../lib/gcc/arm-none-eabi/13.3.1/../../../../arm-none-eabi/lib/thumb/v7e-m+fp/hard\libc_nano.a(libc_a-nano-vfprintf.o)
                0x0800a430                _vfprintf_r
                0x0800a430                _vfiprintf_r
 .text._printf_common
                0x0800a660       0xda C:/ST/STM32CubeIDE_1.18.1/STM32CubeIDE/plugins/com.st.stm32cube.ide.mcu.externaltools.gnu-tools-for-stm32.13.3.rel1.win32_1.0.0.202411081344/tools/bin/../lib/gcc/arm-none-eabi/13.3.1/../../../../arm-none-eabi/lib/thumb/v7e-m+fp/hard\libc_nano.a(libc_a-nano-vfprintf_i.o)
                0x0800a660                _printf_common
 *fill*         0x0800a73a        0x2 
 .text._printf_i
                0x0800a73c      0x23c C:/ST/STM32CubeIDE_1.18.1/STM32CubeIDE/plugins/com.st.stm32cube.ide.mcu.externaltools.gnu-tools-for-stm32.13.3.rel1.win32_1.0.0.202411081344/tools/bin/../lib/gcc/arm-none-eabi/13.3.1/../../../../arm-none-eabi/lib/thumb/v7e-m+fp/hard\libc_nano.a(libc_a-nano-vfprintf_i.o)
                0x0800a73c                _printf_i
 .text.__sflush_r
                0x0800a978      0x108 C:/ST/STM32CubeIDE_1.18.1/STM32CubeIDE/plugins/com.st.stm32cube.ide.mcu.externaltools.gnu-tools-for-stm32.13.3.rel1.win32_1.0.0.202411081344/tools/bin/../lib/gcc/arm-none-eabi/13.3.1/../../../../arm-none-eabi/lib/thumb/v7e-m+fp/hard\libc_nano.a(libc_a-fflush.o)
                0x0800a978                __sflush_r
 .text._fflush_r
                0x0800aa80       0x50 C:/ST/STM32CubeIDE_1.18.1/STM32CubeIDE/plugins/com.st.stm32cube.ide.mcu.externaltools.gnu-tools-for-stm32.13.3.rel1.win32_1.0.0.202411081344/tools/bin/../lib/gcc/arm-none-eabi/13.3.1/../../../../arm-none-eabi/lib/thumb/v7e-m+fp/hard\libc_nano.a(libc_a-fflush.o)
                0x0800aa80                _fflush_r
 .text.__swbuf_r
                0x0800aad0       0x7c C:/ST/STM32CubeIDE_1.18.1/STM32CubeIDE/plugins/com.st.stm32cube.ide.mcu.externaltools.gnu-tools-for-stm32.13.3.rel1.win32_1.0.0.202411081344/tools/bin/../lib/gcc/arm-none-eabi/13.3.1/../../../../arm-none-eabi/lib/thumb/v7e-m+fp/hard\libc_nano.a(libc_a-wbuf.o)
                0x0800aad0                __swbuf_r
 .text.__swsetup_r
                0x0800ab4c       0xac C:/ST/STM32CubeIDE_1.18.1/STM32CubeIDE/plugins/com.st.stm32cube.ide.mcu.externaltools.gnu-tools-for-stm32.13.3.rel1.win32_1.0.0.202411081344/tools/bin/../lib/gcc/arm-none-eabi/13.3.1/../../../../arm-none-eabi/lib/thumb/v7e-m+fp/hard\libc_nano.a(libc_a-wsetup.o)
                0x0800ab4c                __swsetup_r
 .text._sbrk_r  0x0800abf8       0x20 C:/ST/STM32CubeIDE_1.18.1/STM32CubeIDE/plugins/com.st.stm32cube.ide.mcu.externaltools.gnu-tools-for-stm32.13.3.rel1.win32_1.0.0.202411081344/tools/bin/../lib/gcc/arm-none-eabi/13.3.1/../../../../arm-none-eabi/lib/thumb/v7e-m+fp/hard\libc_nano.a(libc_a-sbrkr.o)
                0x0800abf8                _sbrk_r
 .text.__swhatbuf_r
                0x0800ac18       0x4c C:/ST/STM32CubeIDE_1.18.1/STM32CubeIDE/plugins/com.st.stm32cube.ide.mcu.externaltools.gnu-tools-for-stm32.13.3.rel1.win32_1.0.0.202411081344/tools/bin/../lib/gcc/arm-none-eabi/13.3.1/../../../../arm-none-eabi/lib/thumb/v7e-m+fp/hard\libc_nano.a(libc_a-makebuf.o)
                0x0800ac18                __swhatbuf_r
 .text.__smakebuf_r
                0x0800ac64       0x78 C:/ST/STM32CubeIDE_1.18.1/STM32CubeIDE/plugins/com.st.stm32cube.ide.mcu.externaltools.gnu-tools-for-stm32.13.3.rel1.win32_1.0.0.202411081344/tools/bin/../lib/gcc/arm-none-eabi/13.3.1/../../../../arm-none-eabi/lib/thumb/v7e-m+fp/hard\libc_nano.a(libc_a-makebuf.o)
                0x0800ac64                __smakebuf_r
 .text._fstat_r
                0x0800acdc       0x24 C:/ST/STM32CubeIDE_1.18.1/STM32CubeIDE/plugins/com.st.stm32cube.ide.mcu.externaltools.gnu-tools-for-stm32.13.3.rel1.win32_1.0.0.202411081344/tools/bin/../lib/gcc/arm-none-eabi/13.3.1/../../../../arm-none-eabi/lib/thumb/v7e-m+fp/hard\libc_nano.a(libc_a-fstatr.o)
                0x0800acdc                _fstat_r
 .text._isatty_r
                0x0800ad00       0x20 C:/ST/STM32CubeIDE_1.18.1/STM32CubeIDE/plugins/com.st.stm32cube.ide.mcu.externaltools.gnu-tools-for-stm32.13.3.rel1.win32_1.0.0.202411081344/tools/bin/../lib/gcc/arm-none-eabi/13.3.1/../../../../arm-none-eabi/lib/thumb/v7e-m+fp/hard\libc_nano.a(libc_a-isattyr.o)
                0x0800ad00                _isatty_r
 .text.powf     0x0800ad20       0xae C:/ST/STM32CubeIDE_1.18.1/STM32CubeIDE/plugins/com.st.stm32cube.ide.mcu.externaltools.gnu-tools-for-stm32.13.3.rel1.win32_1.0.0.202411081344/tools/bin/../lib/gcc/arm-none-eabi/13.3.1/../../../../arm-none-eabi/lib/thumb/v7e-m+fp/hard\libm.a(libm_a-wf_pow.o)
                0x0800ad20                powf
 .text.finitef  0x0800adce       0x14 C:/ST/STM32CubeIDE_1.18.1/STM32CubeIDE/plugins/com.st.stm32cube.ide.mcu.externaltools.gnu-tools-for-stm32.13.3.rel1.win32_1.0.0.202411081344/tools/bin/../lib/gcc/arm-none-eabi/13.3.1/../../../../arm-none-eabi/lib/thumb/v7e-m+fp/hard\libm.a(libm_a-sf_finite.o)
                0x0800adce                finitef
 *fill*         0x0800ade2        0x2 
 .text.roundf   0x0800ade4       0x48 C:/ST/STM32CubeIDE_1.18.1/STM32CubeIDE/plugins/com.st.stm32cube.ide.mcu.externaltools.gnu-tools-for-stm32.13.3.rel1.win32_1.0.0.202411081344/tools/bin/../lib/gcc/arm-none-eabi/13.3.1/../../../../arm-none-eabi/lib/thumb/v7e-m+fp/hard\libm.a(libm_a-sf_round.o)
                0x0800ade4                roundf
 .text.__ieee754_powf
                0x0800ae2c      0x59c C:/ST/STM32CubeIDE_1.18.1/STM32CubeIDE/plugins/com.st.stm32cube.ide.mcu.externaltools.gnu-tools-for-stm32.13.3.rel1.win32_1.0.0.202411081344/tools/bin/../lib/gcc/arm-none-eabi/13.3.1/../../../../arm-none-eabi/lib/thumb/v7e-m+fp/hard\libm.a(libm_a-ef_pow.o)
                0x0800ae2c                __ieee754_powf
 .text.fabsf    0x0800b3c8        0xe C:/ST/STM32CubeIDE_1.18.1/STM32CubeIDE/plugins/com.st.stm32cube.ide.mcu.externaltools.gnu-tools-for-stm32.13.3.rel1.win32_1.0.0.202411081344/tools/bin/../lib/gcc/arm-none-eabi/13.3.1/../../../../arm-none-eabi/lib/thumb/v7e-m+fp/hard\libm.a(libm_a-sf_fabs.o)
                0x0800b3c8                fabsf
 *fill*         0x0800b3d6        0x2 
 .text.scalbnf  0x0800b3d8       0xcc C:/ST/STM32CubeIDE_1.18.1/STM32CubeIDE/plugins/com.st.stm32cube.ide.mcu.externaltools.gnu-tools-for-stm32.13.3.rel1.win32_1.0.0.202411081344/tools/bin/../lib/gcc/arm-none-eabi/13.3.1/../../../../arm-none-eabi/lib/thumb/v7e-m+fp/hard\libm.a(libm_a-sf_scalbn.o)
                0x0800b3d8                scalbnf
 .text.with_errnof
                0x0800b4a4       0x1c C:/ST/STM32CubeIDE_1.18.1/STM32CubeIDE/plugins/com.st.stm32cube.ide.mcu.externaltools.gnu-tools-for-stm32.13.3.rel1.win32_1.0.0.202411081344/tools/bin/../lib/gcc/arm-none-eabi/13.3.1/../../../../arm-none-eabi/lib/thumb/v7e-m+fp/hard\libm.a(libm_a-math_errf.o)
 .text.xflowf   0x0800b4c0       0x16 C:/ST/STM32CubeIDE_1.18.1/STM32CubeIDE/plugins/com.st.stm32cube.ide.mcu.externaltools.gnu-tools-for-stm32.13.3.rel1.win32_1.0.0.202411081344/tools/bin/../lib/gcc/arm-none-eabi/13.3.1/../../../../arm-none-eabi/lib/thumb/v7e-m+fp/hard\libm.a(libm_a-math_errf.o)
 *fill*         0x0800b4d6        0x2 
 .text.__math_uflowf
                0x0800b4d8        0xc C:/ST/STM32CubeIDE_1.18.1/STM32CubeIDE/plugins/com.st.stm32cube.ide.mcu.externaltools.gnu-tools-for-stm32.13.3.rel1.win32_1.0.0.202411081344/tools/bin/../lib/gcc/arm-none-eabi/13.3.1/../../../../arm-none-eabi/lib/thumb/v7e-m+fp/hard\libm.a(libm_a-math_errf.o)
                0x0800b4d8                __math_uflowf
 .text.__math_oflowf
                0x0800b4e4        0xc C:/ST/STM32CubeIDE_1.18.1/STM32CubeIDE/plugins/com.st.stm32cube.ide.mcu.externaltools.gnu-tools-for-stm32.13.3.rel1.win32_1.0.0.202411081344/tools/bin/../lib/gcc/arm-none-eabi/13.3.1/../../../../arm-none-eabi/lib/thumb/v7e-m+fp/hard\libm.a(libm_a-math_errf.o)
                0x0800b4e4                __math_oflowf
 .text.__ieee754_sqrtf
                0x0800b4f0        0x6 C:/ST/STM32CubeIDE_1.18.1/STM32CubeIDE/plugins/com.st.stm32cube.ide.mcu.externaltools.gnu-tools-for-stm32.13.3.rel1.win32_1.0.0.202411081344/tools/bin/../lib/gcc/arm-none-eabi/13.3.1/../../../../arm-none-eabi/lib/thumb/v7e-m+fp/hard\libm.a(libm_a-ef_sqrt.o)
                0x0800b4f0                __ieee754_sqrtf
 *(.glue_7)
 .glue_7        0x0800b4f6        0x0 linker stubs
 *(.glue_7t)
 .glue_7t       0x0800b4f6        0x0 linker stubs
 *(.eh_frame)
 *fill*         0x0800b4f6        0x2 
 .eh_frame      0x0800b4f8        0x0 C:/ST/STM32CubeIDE_1.18.1/STM32CubeIDE/plugins/com.st.stm32cube.ide.mcu.externaltools.gnu-tools-for-stm32.13.3.rel1.win32_1.0.0.202411081344/tools/bin/../lib/gcc/arm-none-eabi/13.3.1/thumb/v7e-m+fp/hard/crtbegin.o
 *(.init)
 .init          0x0800b4f8        0x4 C:/ST/STM32CubeIDE_1.18.1/STM32CubeIDE/plugins/com.st.stm32cube.ide.mcu.externaltools.gnu-tools-for-stm32.13.3.rel1.win32_1.0.0.202411081344/tools/bin/../lib/gcc/arm-none-eabi/13.3.1/thumb/v7e-m+fp/hard/crti.o
                0x0800b4f8                _init
 .init          0x0800b4fc        0x8 C:/ST/STM32CubeIDE_1.18.1/STM32CubeIDE/plugins/com.st.stm32cube.ide.mcu.externaltools.gnu-tools-for-stm32.13.3.rel1.win32_1.0.0.202411081344/tools/bin/../lib/gcc/arm-none-eabi/13.3.1/thumb/v7e-m+fp/hard/crtn.o
 *(.fini)
 .fini          0x0800b504        0x4 C:/ST/STM32CubeIDE_1.18.1/STM32CubeIDE/plugins/com.st.stm32cube.ide.mcu.externaltools.gnu-tools-for-stm32.13.3.rel1.win32_1.0.0.202411081344/tools/bin/../lib/gcc/arm-none-eabi/13.3.1/thumb/v7e-m+fp/hard/crti.o
                0x0800b504                _fini
 .fini          0x0800b508        0x8 C:/ST/STM32CubeIDE_1.18.1/STM32CubeIDE/plugins/com.st.stm32cube.ide.mcu.externaltools.gnu-tools-for-stm32.13.3.rel1.win32_1.0.0.202411081344/tools/bin/../lib/gcc/arm-none-eabi/13.3.1/thumb/v7e-m+fp/hard/crtn.o
                0x0800b510                        . = ALIGN (0x4)
                0x0800b510                        _etext = .

.vfp11_veneer   0x0800b510        0x0
 .vfp11_veneer  0x0800b510        0x0 linker stubs

.v4_bx          0x0800b510        0x0
 .v4_bx         0x0800b510        0x0 linker stubs

.iplt           0x0800b510        0x0
 .iplt          0x0800b510        0x0 C:/ST/STM32CubeIDE_1.18.1/STM32CubeIDE/plugins/com.st.stm32cube.ide.mcu.externaltools.gnu-tools-for-stm32.13.3.rel1.win32_1.0.0.202411081344/tools/bin/../lib/gcc/arm-none-eabi/13.3.1/thumb/v7e-m+fp/hard/crtbegin.o

.rodata         0x0800b510      0x11c
                0x0800b510                        . = ALIGN (0x4)
 *(.rodata)
 .rodata        0x0800b510       0x5d ./Core/Src/main.o
 *fill*         0x0800b56d        0x3 
 .rodata        0x0800b570        0x5 ./Middlewares/Third_Party/FreeRTOS/Source/tasks.o
 *fill*         0x0800b575        0x3 
 .rodata        0x0800b578        0xd ./Middlewares/Third_Party/FreeRTOS/Source/timers.o
 *(.rodata*)
 *fill*         0x0800b585        0x3 
 .rodata.AHBPrescTable
                0x0800b588       0x10 ./Core/Src/system_stm32f4xx.o
                0x0800b588                AHBPrescTable
 .rodata.APBPrescTable
                0x0800b598        0x8 ./Core/Src/system_stm32f4xx.o
                0x0800b598                APBPrescTable
 .rodata.flagBitshiftOffset.0
                0x0800b5a0        0x8 ./Drivers/STM32F4xx_HAL_Driver/Src/stm32f4xx_hal_dma.o
 .rodata.CSWTCH.387
                0x0800b5a8       0x1c ../Middlewares/ST/STM32_Audio/Addons/PDM/Lib\libPDMFilter_CM4_GCC_wc32.a(pdm_filter.o)
 .rodata.CSWTCH.388
                0x0800b5c4       0x1c ../Middlewares/ST/STM32_Audio/Addons/PDM/Lib\libPDMFilter_CM4_GCC_wc32.a(pdm_filter.o)
 .rodata._vfprintf_r.str1.1
                0x0800b5e0       0x33 C:/ST/STM32CubeIDE_1.18.1/STM32CubeIDE/plugins/com.st.stm32cube.ide.mcu.externaltools.gnu-tools-for-stm32.13.3.rel1.win32_1.0.0.202411081344/tools/bin/../lib/gcc/arm-none-eabi/13.3.1/../../../../arm-none-eabi/lib/thumb/v7e-m+fp/hard\libc_nano.a(libc_a-nano-vfprintf.o)
                                 0x11 (size before relaxing)
 .rodata._printf_i.str1.1
                0x0800b613       0x22 C:/ST/STM32CubeIDE_1.18.1/STM32CubeIDE/plugins/com.st.stm32cube.ide.mcu.externaltools.gnu-tools-for-stm32.13.3.rel1.win32_1.0.0.202411081344/tools/bin/../lib/gcc/arm-none-eabi/13.3.1/../../../../arm-none-eabi/lib/thumb/v7e-m+fp/hard\libc_nano.a(libc_a-nano-vfprintf_i.o)
 *fill*         0x0800b613        0x1 
 .rodata.dp_l   0x0800b614        0x8 C:/ST/STM32CubeIDE_1.18.1/STM32CubeIDE/plugins/com.st.stm32cube.ide.mcu.externaltools.gnu-tools-for-stm32.13.3.rel1.win32_1.0.0.202411081344/tools/bin/../lib/gcc/arm-none-eabi/13.3.1/../../../../arm-none-eabi/lib/thumb/v7e-m+fp/hard\libm.a(libm_a-ef_pow.o)
 .rodata.dp_h   0x0800b61c        0x8 C:/ST/STM32CubeIDE_1.18.1/STM32CubeIDE/plugins/com.st.stm32cube.ide.mcu.externaltools.gnu-tools-for-stm32.13.3.rel1.win32_1.0.0.202411081344/tools/bin/../lib/gcc/arm-none-eabi/13.3.1/../../../../arm-none-eabi/lib/thumb/v7e-m+fp/hard\libm.a(libm_a-ef_pow.o)
 .rodata.bp     0x0800b624        0x8 C:/ST/STM32CubeIDE_1.18.1/STM32CubeIDE/plugins/com.st.stm32cube.ide.mcu.externaltools.gnu-tools-for-stm32.13.3.rel1.win32_1.0.0.202411081344/tools/bin/../lib/gcc/arm-none-eabi/13.3.1/../../../../arm-none-eabi/lib/thumb/v7e-m+fp/hard\libm.a(libm_a-ef_pow.o)
                0x0800b62c                        . = ALIGN (0x4)

.ARM.extab      0x0800b62c        0x0
                0x0800b62c                        . = ALIGN (0x4)
 *(.ARM.extab* .gnu.linkonce.armextab.*)
                0x0800b62c                        . = ALIGN (0x4)

.ARM            0x0800b62c        0x8
                0x0800b62c                        . = ALIGN (0x4)
                0x0800b62c                        __exidx_start = .
 *(.ARM.exidx*)
 .ARM.exidx     0x0800b62c        0x8 C:/ST/STM32CubeIDE_1.18.1/STM32CubeIDE/plugins/com.st.stm32cube.ide.mcu.externaltools.gnu-tools-for-stm32.13.3.rel1.win32_1.0.0.202411081344/tools/bin/../lib/gcc/arm-none-eabi/13.3.1/../../../../arm-none-eabi/lib/thumb/v7e-m+fp/hard\libc_nano.a(libc_a-memchr.o)
 .ARM.exidx     0x0800b634        0x0 C:/ST/STM32CubeIDE_1.18.1/STM32CubeIDE/plugins/com.st.stm32cube.ide.mcu.externaltools.gnu-tools-for-stm32.13.3.rel1.win32_1.0.0.202411081344/tools/bin/../lib/gcc/arm-none-eabi/13.3.1/thumb/v7e-m+fp/hard\libgcc.a(_udivmoddi4.o)
                                  0x8 (size before relaxing)
                0x0800b634                        __exidx_end = .
                0x0800b634                        . = ALIGN (0x4)

.preinit_array  0x0800b634        0x0
                0x0800b634                        . = ALIGN (0x4)
                0x0800b634                        PROVIDE (__preinit_array_start = .)
 *(.preinit_array*)
                0x0800b634                        PROVIDE (__preinit_array_end = .)
                0x0800b634                        . = ALIGN (0x4)

.init_array     0x0800b634        0x4
                0x0800b634                        . = ALIGN (0x4)
                0x0800b634                        PROVIDE (__init_array_start = .)
 *(SORT_BY_NAME(.init_array.*))
 *(.init_array*)
 .init_array    0x0800b634        0x4 C:/ST/STM32CubeIDE_1.18.1/STM32CubeIDE/plugins/com.st.stm32cube.ide.mcu.externaltools.gnu-tools-for-stm32.13.3.rel1.win32_1.0.0.202411081344/tools/bin/../lib/gcc/arm-none-eabi/13.3.1/thumb/v7e-m+fp/hard/crtbegin.o
                0x0800b638                        PROVIDE (__init_array_end = .)
                0x0800b638                        . = ALIGN (0x4)

.fini_array     0x0800b638        0x4
                0x0800b638                        . = ALIGN (0x4)
                [!provide]                        PROVIDE (__fini_array_start = .)
 *(SORT_BY_NAME(.fini_array.*))
 *(.fini_array*)
 .fini_array    0x0800b638        0x4 C:/ST/STM32CubeIDE_1.18.1/STM32CubeIDE/plugins/com.st.stm32cube.ide.mcu.externaltools.gnu-tools-for-stm32.13.3.rel1.win32_1.0.0.202411081344/tools/bin/../lib/gcc/arm-none-eabi/13.3.1/thumb/v7e-m+fp/hard/crtbegin.o
                [!provide]                        PROVIDE (__fini_array_end = .)
                0x0800b63c                        . = ALIGN (0x4)
                0x0800b63c                        _sidata = LOADADDR (.data)

.rel.dyn        0x0800b63c        0x0
 .rel.iplt      0x0800b63c        0x0 C:/ST/STM32CubeIDE_1.18.1/STM32CubeIDE/plugins/com.st.stm32cube.ide.mcu.externaltools.gnu-tools-for-stm32.13.3.rel1.win32_1.0.0.202411081344/tools/bin/../lib/gcc/arm-none-eabi/13.3.1/thumb/v7e-m+fp/hard/crtbegin.o

.data           0x20000000      0x470 load address 0x0800b63c
                0x20000000                        . = ALIGN (0x4)
                0x20000000                        _sdata = .
 *(.data)
 *(.data*)
 .data.Block_Width
                0x20000000        0x2 ./Core/Src/ILI9341_DMA_Driver.o
 .data.Block_Height
                0x20000002        0x2 ./Core/Src/ILI9341_DMA_Driver.o
 .data.SystemCoreClock
                0x20000004        0x4 ./Core/Src/system_stm32f4xx.o
                0x20000004                SystemCoreClock
 .data.uwTickPrio
                0x20000008        0x4 ./Drivers/STM32F4xx_HAL_Driver/Src/stm32f4xx_hal.o
                0x20000008                uwTickPrio
 .data.uwTickFreq
                0x2000000c        0x1 ./Drivers/STM32F4xx_HAL_Driver/Src/stm32f4xx_hal.o
                0x2000000c                uwTickFreq
 *fill*         0x2000000d        0x3 
 .data.uxCriticalNesting
                0x20000010        0x4 ./Middlewares/Third_Party/FreeRTOS/Source/portable/GCC/ARM_CM4F/port.o
 .data.T_0_1_2  0x20000014      0x400 ../Middlewares/ST/STM32_Audio/Addons/PDM/Lib\libPDMFilter_CM4_GCC_wc32.a(pdm_filter.o)
 .data.__sglue  0x20000414        0xc C:/ST/STM32CubeIDE_1.18.1/STM32CubeIDE/plugins/com.st.stm32cube.ide.mcu.externaltools.gnu-tools-for-stm32.13.3.rel1.win32_1.0.0.202411081344/tools/bin/../lib/gcc/arm-none-eabi/13.3.1/../../../../arm-none-eabi/lib/thumb/v7e-m+fp/hard\libc_nano.a(libc_a-findfp.o)
                0x20000414                __sglue
 .data._impure_ptr
                0x20000420        0x4 C:/ST/STM32CubeIDE_1.18.1/STM32CubeIDE/plugins/com.st.stm32cube.ide.mcu.externaltools.gnu-tools-for-stm32.13.3.rel1.win32_1.0.0.202411081344/tools/bin/../lib/gcc/arm-none-eabi/13.3.1/../../../../arm-none-eabi/lib/thumb/v7e-m+fp/hard\libc_nano.a(libc_a-impure.o)
                0x20000420                _impure_ptr
 .data._impure_data
                0x20000424       0x4c C:/ST/STM32CubeIDE_1.18.1/STM32CubeIDE/plugins/com.st.stm32cube.ide.mcu.externaltools.gnu-tools-for-stm32.13.3.rel1.win32_1.0.0.202411081344/tools/bin/../lib/gcc/arm-none-eabi/13.3.1/../../../../arm-none-eabi/lib/thumb/v7e-m+fp/hard\libc_nano.a(libc_a-impure.o)
                0x20000424                _impure_data
 *(.RamFunc)
 *(.RamFunc*)
                0x20000470                        . = ALIGN (0x4)
                0x20000470                        _edata = .
                0x0800baac                        _siccmram = LOADADDR (.ccmram)

.igot.plt       0x20000470        0x0 load address 0x0800baac
 .igot.plt      0x20000470        0x0 C:/ST/STM32CubeIDE_1.18.1/STM32CubeIDE/plugins/com.st.stm32cube.ide.mcu.externaltools.gnu-tools-for-stm32.13.3.rel1.win32_1.0.0.202411081344/tools/bin/../lib/gcc/arm-none-eabi/13.3.1/thumb/v7e-m+fp/hard/crtbegin.o

.ccmram         0x10000000        0x0 load address 0x0800baac
                0x10000000                        . = ALIGN (0x4)
                0x10000000                        _sccmram = .
 *(.ccmram)
 *(.ccmram*)
                0x10000000                        . = ALIGN (0x4)
                0x10000000                        _eccmram = .
                0x10000000                        . = ALIGN (0x4)

.bss            0x20000480     0x4ed8
                0x20000480                        _sbss = .
                0x20000480                        __bss_start__ = _sbss
 *(.bss)
 .bss           0x20000480       0x1c C:/ST/STM32CubeIDE_1.18.1/STM32CubeIDE/plugins/com.st.stm32cube.ide.mcu.externaltools.gnu-tools-for-stm32.13.3.rel1.win32_1.0.0.202411081344/tools/bin/../lib/gcc/arm-none-eabi/13.3.1/thumb/v7e-m+fp/hard/crtbegin.o
 *(.bss*)
 .bss.DMA_SizeRemaining
                0x2000049c        0x4 ./Core/Src/ILI9341_DMA_Driver.o
 .bss.DMA_BufRemaining
                0x200004a0        0x4 ./Core/Src/ILI9341_DMA_Driver.o
 *fill*         0x200004a4       0x1c 
 .bss.DMA_BufFill
                0x200004c0        0x2 ./Core/Src/ILI9341_DMA_Driver.o
 .bss.DMA_Busy  0x200004c2        0x1 ./Core/Src/ILI9341_DMA_Driver.o
 *fill*         0x200004c3        0x1 
 .bss.hcrc      0x200004c4        0x8 ./Core/Src/crc.o
                0x200004c4                hcrc
 .bss.hi2s2     0x200004cc       0x48 ./Core/Src/i2s.o
                0x200004cc                hi2s2
 .bss.hdma_spi2_rx
                0x20000514       0x60 ./Core/Src/i2s.o
                0x20000514                hdma_spi2_rx
 .bss.xScreenTaskHandle
                0x20000574        0x4 ./Core/Src/main.o
                0x20000574                xScreenTaskHandle
 .bss.xBTTaskHandle
                0x20000578        0x4 ./Core/Src/main.o
                0x20000578                xBTTaskHandle
 .bss.xDataProcessHandle
                0x2000057c        0x4 ./Core/Src/main.o
                0x2000057c                xDataProcessHandle
 .bss.pdmBuffer
                0x20000580      0x100 ./Core/Src/main.o
                0x20000580                pdmBuffer
 .bss.UART2_rxBuffer
                0x20000680        0x1 ./Core/Src/main.o
                0x20000680                UART2_rxBuffer
 *fill*         0x20000681        0x3 
 .bss.hspi3     0x20000684       0x58 ./Core/Src/spi.o
                0x20000684                hspi3
 .bss.hdma_spi3_tx
                0x200006dc       0x60 ./Core/Src/spi.o
                0x200006dc                hdma_spi3_tx
 .bss.htim6     0x2000073c       0x48 ./Core/Src/stm32f4xx_hal_timebase_tim.o
                0x2000073c                htim6
 .bss.__sbrk_heap_end
                0x20000784        0x4 ./Core/Src/sysmem.o
 .bss.huart1    0x20000788       0x48 ./Core/Src/usart.o
                0x20000788                huart1
 .bss.uwTick    0x200007d0        0x4 ./Drivers/STM32F4xx_HAL_Driver/Src/stm32f4xx_hal.o
                0x200007d0                uwTick
 .bss.Idle_TCB.3
                0x200007d4       0xa8 ./Middlewares/Third_Party/FreeRTOS/Source/CMSIS_RTOS_V2/cmsis_os2.o
 .bss.Idle_Stack.2
                0x2000087c      0x200 ./Middlewares/Third_Party/FreeRTOS/Source/CMSIS_RTOS_V2/cmsis_os2.o
 .bss.Timer_TCB.1
                0x20000a7c       0xa8 ./Middlewares/Third_Party/FreeRTOS/Source/CMSIS_RTOS_V2/cmsis_os2.o
 .bss.Timer_Stack.0
                0x20000b24      0x400 ./Middlewares/Third_Party/FreeRTOS/Source/CMSIS_RTOS_V2/cmsis_os2.o
 .bss.xQueueRegistry
                0x20000f24       0x40 ./Middlewares/Third_Party/FreeRTOS/Source/queue.o
                0x20000f24                xQueueRegistry
 .bss.pxCurrentTCB
                0x20000f64        0x4 ./Middlewares/Third_Party/FreeRTOS/Source/tasks.o
                0x20000f64                pxCurrentTCB
 .bss.pxReadyTasksLists
                0x20000f68      0x460 ./Middlewares/Third_Party/FreeRTOS/Source/tasks.o
 .bss.xDelayedTaskList1
                0x200013c8       0x14 ./Middlewares/Third_Party/FreeRTOS/Source/tasks.o
 .bss.xDelayedTaskList2
                0x200013dc       0x14 ./Middlewares/Third_Party/FreeRTOS/Source/tasks.o
 .bss.pxDelayedTaskList
                0x200013f0        0x4 ./Middlewares/Third_Party/FreeRTOS/Source/tasks.o
 .bss.pxOverflowDelayedTaskList
                0x200013f4        0x4 ./Middlewares/Third_Party/FreeRTOS/Source/tasks.o
 .bss.xPendingReadyList
                0x200013f8       0x14 ./Middlewares/Third_Party/FreeRTOS/Source/tasks.o
 .bss.xTasksWaitingTermination
                0x2000140c       0x14 ./Middlewares/Third_Party/FreeRTOS/Source/tasks.o
 .bss.uxDeletedTasksWaitingCleanUp
                0x20001420        0x4 ./Middlewares/Third_Party/FreeRTOS/Source/tasks.o
 .bss.xSuspendedTaskList
                0x20001424       0x14 ./Middlewares/Third_Party/FreeRTOS/Source/tasks.o
 .bss.uxCurrentNumberOfTasks
                0x20001438        0x4 ./Middlewares/Third_Party/FreeRTOS/Source/tasks.o
 .bss.xTickCount
                0x2000143c        0x4 ./Middlewares/Third_Party/FreeRTOS/Source/tasks.o
 .bss.uxTopReadyPriority
                0x20001440        0x4 ./Middlewares/Third_Party/FreeRTOS/Source/tasks.o
 .bss.xSchedulerRunning
                0x20001444        0x4 ./Middlewares/Third_Party/FreeRTOS/Source/tasks.o
 .bss.xPendedTicks
                0x20001448        0x4 ./Middlewares/Third_Party/FreeRTOS/Source/tasks.o
 .bss.xYieldPending
                0x2000144c        0x4 ./Middlewares/Third_Party/FreeRTOS/Source/tasks.o
 .bss.xNumOfOverflows
                0x20001450        0x4 ./Middlewares/Third_Party/FreeRTOS/Source/tasks.o
 .bss.uxTaskNumber
                0x20001454        0x4 ./Middlewares/Third_Party/FreeRTOS/Source/tasks.o
 .bss.xNextTaskUnblockTime
                0x20001458        0x4 ./Middlewares/Third_Party/FreeRTOS/Source/tasks.o
 .bss.xIdleTaskHandle
                0x2000145c        0x4 ./Middlewares/Third_Party/FreeRTOS/Source/tasks.o
 .bss.uxSchedulerSuspended
                0x20001460        0x4 ./Middlewares/Third_Party/FreeRTOS/Source/tasks.o
 .bss.xActiveTimerList1
                0x20001464       0x14 ./Middlewares/Third_Party/FreeRTOS/Source/timers.o
 .bss.xActiveTimerList2
                0x20001478       0x14 ./Middlewares/Third_Party/FreeRTOS/Source/timers.o
 .bss.pxCurrentTimerList
                0x2000148c        0x4 ./Middlewares/Third_Party/FreeRTOS/Source/timers.o
 .bss.pxOverflowTimerList
                0x20001490        0x4 ./Middlewares/Third_Party/FreeRTOS/Source/timers.o
 .bss.xTimerQueue
                0x20001494        0x4 ./Middlewares/Third_Party/FreeRTOS/Source/timers.o
 .bss.xTimerTaskHandle
                0x20001498        0x4 ./Middlewares/Third_Party/FreeRTOS/Source/timers.o
 .bss.xLastTime.2
                0x2000149c        0x4 ./Middlewares/Third_Party/FreeRTOS/Source/timers.o
 .bss.ucStaticTimerQueueStorage.1
                0x200014a0       0xa0 ./Middlewares/Third_Party/FreeRTOS/Source/timers.o
 .bss.xStaticTimerQueue.0
                0x20001540       0x50 ./Middlewares/Third_Party/FreeRTOS/Source/timers.o
 .bss.ucMaxSysCallPriority
                0x20001590        0x1 ./Middlewares/Third_Party/FreeRTOS/Source/portable/GCC/ARM_CM4F/port.o
 *fill*         0x20001591        0x3 
 .bss.ulMaxPRIGROUPValue
                0x20001594        0x4 ./Middlewares/Third_Party/FreeRTOS/Source/portable/GCC/ARM_CM4F/port.o
 .bss.ucHeap    0x20001598     0x3c00 ./Middlewares/Third_Party/FreeRTOS/Source/portable/MemMang/heap_4.o
 .bss.xStart    0x20005198        0x8 ./Middlewares/Third_Party/FreeRTOS/Source/portable/MemMang/heap_4.o
 .bss.pxEnd     0x200051a0        0x4 ./Middlewares/Third_Party/FreeRTOS/Source/portable/MemMang/heap_4.o
 .bss.xFreeBytesRemaining
                0x200051a4        0x4 ./Middlewares/Third_Party/FreeRTOS/Source/portable/MemMang/heap_4.o
 .bss.xMinimumEverFreeBytesRemaining
                0x200051a8        0x4 ./Middlewares/Third_Party/FreeRTOS/Source/portable/MemMang/heap_4.o
 .bss.xNumberOfSuccessfulAllocations
                0x200051ac        0x4 ./Middlewares/Third_Party/FreeRTOS/Source/portable/MemMang/heap_4.o
 .bss.xNumberOfSuccessfulFrees
                0x200051b0        0x4 ./Middlewares/Third_Party/FreeRTOS/Source/portable/MemMang/heap_4.o
 .bss.xBlockAllocatedBit
                0x200051b4        0x4 ./Middlewares/Third_Party/FreeRTOS/Source/portable/MemMang/heap_4.o
 .bss.PDM1_filter_handler
                0x200051b8       0x4c ./PDM2PCM/App/pdm2pcm.o
                0x200051b8                PDM1_filter_handler
 .bss.PDM1_filter_config
                0x20005204        0x6 ./PDM2PCM/App/pdm2pcm.o
                0x20005204                PDM1_filter_config
 .bss.LT_Initialization
                0x2000520a        0x1 ../Middlewares/ST/STM32_Audio/Addons/PDM/Lib\libPDMFilter_CM4_GCC_wc32.a(pdm_filter.o)
 *fill*         0x2000520b        0x1 
 .bss.__sf      0x2000520c      0x138 C:/ST/STM32CubeIDE_1.18.1/STM32CubeIDE/plugins/com.st.stm32cube.ide.mcu.externaltools.gnu-tools-for-stm32.13.3.rel1.win32_1.0.0.202411081344/tools/bin/../lib/gcc/arm-none-eabi/13.3.1/../../../../arm-none-eabi/lib/thumb/v7e-m+fp/hard\libc_nano.a(libc_a-findfp.o)
                0x2000520c                __sf
 .bss.__stdio_exit_handler
                0x20005344        0x4 C:/ST/STM32CubeIDE_1.18.1/STM32CubeIDE/plugins/com.st.stm32cube.ide.mcu.externaltools.gnu-tools-for-stm32.13.3.rel1.win32_1.0.0.202411081344/tools/bin/../lib/gcc/arm-none-eabi/13.3.1/../../../../arm-none-eabi/lib/thumb/v7e-m+fp/hard\libc_nano.a(libc_a-findfp.o)
                0x20005344                __stdio_exit_handler
 .bss.errno     0x20005348        0x4 C:/ST/STM32CubeIDE_1.18.1/STM32CubeIDE/plugins/com.st.stm32cube.ide.mcu.externaltools.gnu-tools-for-stm32.13.3.rel1.win32_1.0.0.202411081344/tools/bin/../lib/gcc/arm-none-eabi/13.3.1/../../../../arm-none-eabi/lib/thumb/v7e-m+fp/hard\libc_nano.a(libc_a-reent.o)
                0x20005348                errno
 .bss.__lock___malloc_recursive_mutex
                0x2000534c        0x1 C:/ST/STM32CubeIDE_1.18.1/STM32CubeIDE/plugins/com.st.stm32cube.ide.mcu.externaltools.gnu-tools-for-stm32.13.3.rel1.win32_1.0.0.202411081344/tools/bin/../lib/gcc/arm-none-eabi/13.3.1/../../../../arm-none-eabi/lib/thumb/v7e-m+fp/hard\libc_nano.a(libc_a-lock.o)
                0x2000534c                __lock___malloc_recursive_mutex
 .bss.__lock___sfp_recursive_mutex
                0x2000534d        0x1 C:/ST/STM32CubeIDE_1.18.1/STM32CubeIDE/plugins/com.st.stm32cube.ide.mcu.externaltools.gnu-tools-for-stm32.13.3.rel1.win32_1.0.0.202411081344/tools/bin/../lib/gcc/arm-none-eabi/13.3.1/../../../../arm-none-eabi/lib/thumb/v7e-m+fp/hard\libc_nano.a(libc_a-lock.o)
                0x2000534d                __lock___sfp_recursive_mutex
 *fill*         0x2000534e        0x2 
 .bss.__malloc_sbrk_start
                0x20005350        0x4 C:/ST/STM32CubeIDE_1.18.1/STM32CubeIDE/plugins/com.st.stm32cube.ide.mcu.externaltools.gnu-tools-for-stm32.13.3.rel1.win32_1.0.0.202411081344/tools/bin/../lib/gcc/arm-none-eabi/13.3.1/../../../../arm-none-eabi/lib/thumb/v7e-m+fp/hard\libc_nano.a(libc_a-mallocr.o)
                0x20005350                __malloc_sbrk_start
 .bss.__malloc_free_list
                0x20005354        0x4 C:/ST/STM32CubeIDE_1.18.1/STM32CubeIDE/plugins/com.st.stm32cube.ide.mcu.externaltools.gnu-tools-for-stm32.13.3.rel1.win32_1.0.0.202411081344/tools/bin/../lib/gcc/arm-none-eabi/13.3.1/../../../../arm-none-eabi/lib/thumb/v7e-m+fp/hard\libc_nano.a(libc_a-mallocr.o)
                0x20005354                __malloc_free_list
 *(COMMON)
                0x20005358                        . = ALIGN (0x4)
                0x20005358                        _ebss = .
                0x20005358                        __bss_end__ = _ebss

._user_heap_stack
                0x20005358      0x600
                0x20005358                        . = ALIGN (0x8)
                [!provide]                        PROVIDE (end = .)
                0x20005358                        PROVIDE (_end = .)
                0x20005558                        . = (. + _Min_Heap_Size)
 *fill*         0x20005358      0x200 
                0x20005958                        . = (. + _Min_Stack_Size)
 *fill*         0x20005558      0x400 
                0x20005958                        . = ALIGN (0x8)

/DISCARD/
 libc.a(*)
 libm.a(*)
 libgcc.a(*)

.ARM.attributes
                0x00000000       0x30
 *(.ARM.attributes)
 .ARM.attributes
                0x00000000       0x22 C:/ST/STM32CubeIDE_1.18.1/STM32CubeIDE/plugins/com.st.stm32cube.ide.mcu.externaltools.gnu-tools-for-stm32.13.3.rel1.win32_1.0.0.202411081344/tools/bin/../lib/gcc/arm-none-eabi/13.3.1/thumb/v7e-m+fp/hard/crti.o
 .ARM.attributes
                0x00000022       0x34 C:/ST/STM32CubeIDE_1.18.1/STM32CubeIDE/plugins/com.st.stm32cube.ide.mcu.externaltools.gnu-tools-for-stm32.13.3.rel1.win32_1.0.0.202411081344/tools/bin/../lib/gcc/arm-none-eabi/13.3.1/thumb/v7e-m+fp/hard/crtbegin.o
 .ARM.attributes
                0x00000056       0x34 ./Core/Src/ILI9341_DMA_Driver.o
 .ARM.attributes
                0x0000008a       0x34 ./Core/Src/crc.o
 .ARM.attributes
                0x000000be       0x34 ./Core/Src/dma.o
 .ARM.attributes
                0x000000f2       0x34 ./Core/Src/gpio.o
 .ARM.attributes
                0x00000126       0x34 ./Core/Src/i2s.o
 .ARM.attributes
                0x0000015a       0x34 ./Core/Src/main.o
 .ARM.attributes
                0x0000018e       0x34 ./Core/Src/spi.o
 .ARM.attributes
                0x000001c2       0x34 ./Core/Src/stm32f4xx_hal_msp.o
 .ARM.attributes
                0x000001f6       0x34 ./Core/Src/stm32f4xx_hal_timebase_tim.o
 .ARM.attributes
                0x0000022a       0x34 ./Core/Src/stm32f4xx_it.o
 .ARM.attributes
                0x0000025e       0x34 ./Core/Src/sww_print.o
 .ARM.attributes
                0x00000292       0x34 ./Core/Src/syscalls.o
 .ARM.attributes
                0x000002c6       0x34 ./Core/Src/sysmem.o
 .ARM.attributes
                0x000002fa       0x34 ./Core/Src/system_stm32f4xx.o
 .ARM.attributes
                0x0000032e       0x34 ./Core/Src/usart.o
 .ARM.attributes
                0x00000362       0x21 ./Core/Startup/startup_stm32f407vgtx.o
 .ARM.attributes
                0x00000383       0x34 ./Drivers/STM32F4xx_HAL_Driver/Src/stm32f4xx_hal.o
 .ARM.attributes
                0x000003b7       0x34 ./Drivers/STM32F4xx_HAL_Driver/Src/stm32f4xx_hal_cortex.o
 .ARM.attributes
                0x000003eb       0x34 ./Drivers/STM32F4xx_HAL_Driver/Src/stm32f4xx_hal_crc.o
 .ARM.attributes
                0x0000041f       0x34 ./Drivers/STM32F4xx_HAL_Driver/Src/stm32f4xx_hal_dma.o
 .ARM.attributes
                0x00000453       0x34 ./Drivers/STM32F4xx_HAL_Driver/Src/stm32f4xx_hal_gpio.o
 .ARM.attributes
                0x00000487       0x34 ./Drivers/STM32F4xx_HAL_Driver/Src/stm32f4xx_hal_i2s.o
 .ARM.attributes
                0x000004bb       0x34 ./Drivers/STM32F4xx_HAL_Driver/Src/stm32f4xx_hal_i2s_ex.o
 .ARM.attributes
                0x000004ef       0x34 ./Drivers/STM32F4xx_HAL_Driver/Src/stm32f4xx_hal_rcc.o
 .ARM.attributes
                0x00000523       0x34 ./Drivers/STM32F4xx_HAL_Driver/Src/stm32f4xx_hal_rcc_ex.o
 .ARM.attributes
                0x00000557       0x34 ./Drivers/STM32F4xx_HAL_Driver/Src/stm32f4xx_hal_spi.o
 .ARM.attributes