../Core/Src/main.c:114:6:HAL_SPI_TxCpltCallback	16	static
../Core/Src/main.c:121:6:HAL_I2S_RxCpltCallback	32	static,ignoring_inline_asm
../Core/Src/main.c:131:6:HAL_I2S_RxHalfCpltCallback	32	static,ignoring_inline_asm
../Core/Src/main.c:142:6:dataProcessTask	24	static
../Core/Src/main.c:174:10:pcmToLCD	24	static
../Core/Src/main.c:181:6:shiftLeft	8	static
../Core/Src/main.c:188:6:drawWave	24	static
../Core/Src/main.c:208:6:screenTask	24	static
../Core/Src/main.c:237:6:btTask	16	static
../Core/Src/main.c:249:5:main	24	static
../Core/Src/main.c:351:6:SystemClock_Config	88	static
../Core/Src/main.c:404:6:HAL_TIM_PeriodElapsedCallback	16	static
../Core/Src/main.c:422:6:Error_Handler	4	static,ignoring_inline_asm
